Archive member included to satisfy reference by file (symbol)

/home/gda/Ac6/SystemWorkbench/plugins/fr.ac6.mcu.externaltools.arm-none.linux64_1.7.0.201602291252/tools/compiler/bin/../lib/gcc/arm-none-eabi/5.2.1/armv6-m/libgcc.a(_thumb1_case_uqi.o)
                              Drivers/STM32F0xx_HAL_Driver/Src/stm32f0xx_hal_pcd.o (__gnu_thumb1_case_uqi)
/home/gda/Ac6/SystemWorkbench/plugins/fr.ac6.mcu.externaltools.arm-none.linux64_1.7.0.201602291252/tools/compiler/bin/../lib/gcc/arm-none-eabi/5.2.1/armv6-m/libgcc.a(_thumb1_case_uhi.o)
                              Middlewares/ST/STM32_USB_Device_Library/Core/Src/usbd_ctlreq.o (__gnu_thumb1_case_uhi)
/home/gda/Ac6/SystemWorkbench/plugins/fr.ac6.mcu.externaltools.arm-none.linux64_1.7.0.201602291252/tools/compiler/bin/../lib/gcc/arm-none-eabi/5.2.1/armv6-m/libgcc.a(_udivsi3.o)
                              Drivers/CMSIS/Device/ST/STM32F0xx/Source/Templates/system_stm32f0xx.o (__aeabi_uidiv)
/home/gda/Ac6/SystemWorkbench/plugins/fr.ac6.mcu.externaltools.arm-none.linux64_1.7.0.201602291252/tools/compiler/bin/../lib/gcc/arm-none-eabi/5.2.1/armv6-m/libgcc.a(_divsi3.o)
                              Src/cecbridge.o (__aeabi_idivmod)
/home/gda/Ac6/SystemWorkbench/plugins/fr.ac6.mcu.externaltools.arm-none.linux64_1.7.0.201602291252/tools/compiler/bin/../lib/gcc/arm-none-eabi/5.2.1/armv6-m/libgcc.a(_dvmd_tls.o)
                              /home/gda/Ac6/SystemWorkbench/plugins/fr.ac6.mcu.externaltools.arm-none.linux64_1.7.0.201602291252/tools/compiler/bin/../lib/gcc/arm-none-eabi/5.2.1/armv6-m/libgcc.a(_udivsi3.o) (__aeabi_idiv0)
/home/gda/Ac6/SystemWorkbench/plugins/fr.ac6.mcu.externaltools.arm-none.linux64_1.7.0.201602291252/tools/compiler/bin/../lib/gcc/arm-none-eabi/5.2.1/armv6-m/libgcc.a(_lshrdi3.o)
                              Drivers/STM32F0xx_HAL_Driver/Src/stm32f0xx_hal_flash.o (__aeabi_llsr)
/home/gda/Ac6/SystemWorkbench/plugins/fr.ac6.mcu.externaltools.arm-none.linux64_1.7.0.201602291252/tools/compiler/bin/../lib/gcc/arm-none-eabi/5.2.1/../../../../arm-none-eabi/lib/armv6-m/libc_nano.a(lib_a-asprintf.o)
                              Src/cecbridge.o (asprintf)
/home/gda/Ac6/SystemWorkbench/plugins/fr.ac6.mcu.externaltools.arm-none.linux64_1.7.0.201602291252/tools/compiler/bin/../lib/gcc/arm-none-eabi/5.2.1/../../../../arm-none-eabi/lib/armv6-m/libc_nano.a(lib_a-calloc.o)
                              Src/cecbridge.o (calloc)
/home/gda/Ac6/SystemWorkbench/plugins/fr.ac6.mcu.externaltools.arm-none.linux64_1.7.0.201602291252/tools/compiler/bin/../lib/gcc/arm-none-eabi/5.2.1/../../../../arm-none-eabi/lib/armv6-m/libc_nano.a(lib_a-ctype_.o)
                              Src/cecbridge.o (__ctype_ptr__)
/home/gda/Ac6/SystemWorkbench/plugins/fr.ac6.mcu.externaltools.arm-none.linux64_1.7.0.201602291252/tools/compiler/bin/../lib/gcc/arm-none-eabi/5.2.1/../../../../arm-none-eabi/lib/armv6-m/libc_nano.a(lib_a-exit.o)
                              /home/gda/Ac6/SystemWorkbench/plugins/fr.ac6.mcu.externaltools.arm-none.linux64_1.7.0.201602291252/tools/compiler/bin/../lib/gcc/arm-none-eabi/5.2.1/../../../../arm-none-eabi/lib/armv6-m/crt0.o (exit)
/home/gda/Ac6/SystemWorkbench/plugins/fr.ac6.mcu.externaltools.arm-none.linux64_1.7.0.201602291252/tools/compiler/bin/../lib/gcc/arm-none-eabi/5.2.1/../../../../arm-none-eabi/lib/armv6-m/libc_nano.a(lib_a-impure.o)
                              /home/gda/Ac6/SystemWorkbench/plugins/fr.ac6.mcu.externaltools.arm-none.linux64_1.7.0.201602291252/tools/compiler/bin/../lib/gcc/arm-none-eabi/5.2.1/../../../../arm-none-eabi/lib/armv6-m/libc_nano.a(lib_a-exit.o) (_global_impure_ptr)
/home/gda/Ac6/SystemWorkbench/plugins/fr.ac6.mcu.externaltools.arm-none.linux64_1.7.0.201602291252/tools/compiler/bin/../lib/gcc/arm-none-eabi/5.2.1/../../../../arm-none-eabi/lib/armv6-m/libc_nano.a(lib_a-init.o)
                              /home/gda/Ac6/SystemWorkbench/plugins/fr.ac6.mcu.externaltools.arm-none.linux64_1.7.0.201602291252/tools/compiler/bin/../lib/gcc/arm-none-eabi/5.2.1/../../../../arm-none-eabi/lib/armv6-m/crt0.o (__libc_init_array)
/home/gda/Ac6/SystemWorkbench/plugins/fr.ac6.mcu.externaltools.arm-none.linux64_1.7.0.201602291252/tools/compiler/bin/../lib/gcc/arm-none-eabi/5.2.1/../../../../arm-none-eabi/lib/armv6-m/libc_nano.a(lib_a-malloc.o)
                              Src/cecbridge.o (free)
/home/gda/Ac6/SystemWorkbench/plugins/fr.ac6.mcu.externaltools.arm-none.linux64_1.7.0.201602291252/tools/compiler/bin/../lib/gcc/arm-none-eabi/5.2.1/../../../../arm-none-eabi/lib/armv6-m/libc_nano.a(lib_a-memcpy-stub.o)
                              Drivers/STM32F0xx_HAL_Driver/Src/stm32f0xx_hal_rcc.o (memcpy)
/home/gda/Ac6/SystemWorkbench/plugins/fr.ac6.mcu.externaltools.arm-none.linux64_1.7.0.201602291252/tools/compiler/bin/../lib/gcc/arm-none-eabi/5.2.1/../../../../arm-none-eabi/lib/armv6-m/libc_nano.a(lib_a-memset.o)
[...]
Memory Configuration

Name             Origin             Length             Attributes
RAM              0x20000000         0x00001800         xrw
FLASH            0x08000000         0x00008000         xr
*default*        0x00000000         0xffffffff

Linker script and memory map

LOAD /home/gda/Ac6/SystemWorkbench/plugins/fr.ac6.mcu.externaltools.arm-none.linux64_1.7.0.201602291252/tools/compiler/bin/../lib/gcc/arm-none-eabi/5.2.1/armv6-m/crti.o
LOAD /home/gda/Ac6/SystemWorkbench/plugins/fr.ac6.mcu.externaltools.arm-none.linux64_1.7.0.201602291252/tools/compiler/bin/../lib/gcc/arm-none-eabi/5.2.1/armv6-m/crtbegin.o
LOAD /home/gda/Ac6/SystemWorkbench/plugins/fr.ac6.mcu.externaltools.arm-none.linux64_1.7.0.201602291252/tools/compiler/bin/../lib/gcc/arm-none-eabi/5.2.1/../../../../arm-none-eabi/lib/armv6-m/crt0.o
LOAD /home/gda/Ac6/SystemWorkbench/plugins/fr.ac6.mcu.externaltools.arm-none.linux64_1.7.0.201602291252/tools/compiler/bin/../lib/gcc/arm-none-eabi/5.2.1/../../../../arm-none-eabi/lib/armv6-m/libm.a
LOAD Drivers/CMSIS/Device/ST/STM32F0xx/Source/Templates/gcc/startup_stm32f042x6.o
LOAD Drivers/CMSIS/Device/ST/STM32F0xx/Source/Templates/system_stm32f0xx.o
LOAD Drivers/STM32F0xx_HAL_Driver/Src/stm32f0xx_hal.o
LOAD Drivers/STM32F0xx_HAL_Driver/Src/stm32f0xx_hal_cec.o
LOAD Drivers/STM32F0xx_HAL_Driver/Src/stm32f0xx_hal_cortex.o
LOAD Drivers/STM32F0xx_HAL_Driver/Src/stm32f0xx_hal_dma.o
LOAD Drivers/STM32F0xx_HAL_Driver/Src/stm32f0xx_hal_flash.o
LOAD Drivers/STM32F0xx_HAL_Driver/Src/stm32f0xx_hal_flash_ex.o
LOAD Drivers/STM32F0xx_HAL_Driver/Src/stm32f0xx_hal_gpio.o
LOAD Drivers/STM32F0xx_HAL_Driver/Src/stm32f0xx_hal_i2c.o
LOAD Drivers/STM32F0xx_HAL_Driver/Src/stm32f0xx_hal_i2c_ex.o
LOAD Drivers/STM32F0xx_HAL_Driver/Src/stm32f0xx_hal_pcd.o
LOAD Drivers/STM32F0xx_HAL_Driver/Src/stm32f0xx_hal_pcd_ex.o
LOAD Drivers/STM32F0xx_HAL_Driver/Src/stm32f0xx_hal_pwr.o
LOAD Drivers/STM32F0xx_HAL_Driver/Src/stm32f0xx_hal_pwr_ex.o
LOAD Drivers/STM32F0xx_HAL_Driver/Src/stm32f0xx_hal_rcc.o
LOAD Drivers/STM32F0xx_HAL_Driver/Src/stm32f0xx_hal_rcc_ex.o
LOAD Drivers/STM32F0xx_HAL_Driver/Src/stm32f0xx_hal_tim.o
LOAD Drivers/STM32F0xx_HAL_Driver/Src/stm32f0xx_hal_tim_ex.o
LOAD Middlewares/ST/STM32_USB_Device_Library/Class/CDC/Src/usbd_cdc.o
LOAD Middlewares/ST/STM32_USB_Device_Library/Core/Src/usbd_core.o
LOAD Middlewares/ST/STM32_USB_Device_Library/Core/Src/usbd_ctlreq.o
LOAD Middlewares/ST/STM32_USB_Device_Library/Core/Src/usbd_ioreq.o
LOAD Src/cecbridge.o
LOAD Src/stm32f0xx_hal_msp.o
LOAD Src/usb_device.o
LOAD Src/usbd_cdc_if.o
LOAD Src/usbd_conf.o
LOAD Src/usbd_desc.o
START GROUP
LOAD /home/gda/Ac6/SystemWorkbench/plugins/fr.ac6.mcu.externaltools.arm-none.linux64_1.7.0.201602291252/tools/compiler/bin/../lib/gcc/arm-none-eabi/5.2.1/armv6-m/libgcc.a
LOAD /home/gda/Ac6/SystemWorkbench/plugins/fr.ac6.mcu.externaltools.arm-none.linux64_1.7.0.201602291252/tools/compiler/bin/../lib/gcc/arm-none-eabi/5.2.1/../../../../arm-none-eabi/lib/armv6-m/libc_nano.a
END GROUP
START GROUP
LOAD /home/gda/Ac6/SystemWorkbench/plugins/fr.ac6.mcu.externaltools.arm-none.linux64_1.7.0.201602291252/tools/compiler/bin/../lib/gcc/arm-none-eabi/5.2.1/armv6-m/libgcc.a
LOAD /home/gda/Ac6/SystemWorkbench/plugins/fr.ac6.mcu.externaltools.arm-none.linux64_1.7.0.201602291252/tools/compiler/bin/../lib/gcc/arm-none-eabi/5.2.1/../../../../arm-none-eabi/lib/armv6-m/libc_nano.a
LOAD /home/gda/Ac6/SystemWorkbench/plugins/fr.ac6.mcu.externaltools.arm-none.linux64_1.7.0.201602291252/tools/compiler/bin/../lib/gcc/arm-none-eabi/5.2.1/../../../../arm-none-eabi/lib/armv6-m/libnosys.a
END GROUP
START GROUP
LOAD /home/gda/Ac6/SystemWorkbench/plugins/fr.ac6.mcu.externaltools.arm-none.linux64_1.7.0.201602291252/tools/compiler/bin/../lib/gcc/arm-none-eabi/5.2.1/armv6-m/libgcc.a
LOAD /home/gda/Ac6/SystemWorkbench/plugins/fr.ac6.mcu.externaltools.arm-none.linux64_1.7.0.201602291252/tools/compiler/bin/../lib/gcc/arm-none-eabi/5.2.1/../../../../arm-none-eabi/lib/armv6-m/libc_nano.a
LOAD /home/gda/Ac6/SystemWorkbench/plugins/fr.ac6.mcu.externaltools.arm-none.linux64_1.7.0.201602291252/tools/compiler/bin/../lib/gcc/arm-none-eabi/5.2.1/../../../../arm-none-eabi/lib/armv6-m/libnosys.a
END GROUP
LOAD /home/gda/Ac6/SystemWorkbench/plugins/fr.ac6.mcu.externaltools.arm-none.linux64_1.7.0.201602291252/tools/compiler/bin/../lib/gcc/arm-none-eabi/5.2.1/armv6-m/crtend.o
LOAD /home/gda/Ac6/SystemWorkbench/plugins/fr.ac6.mcu.externaltools.arm-none.linux64_1.7.0.201602291252/tools/compiler/bin/../lib/gcc/arm-none-eabi/5.2.1/armv6-m/crtn.o
                0x20001800                _estack = 0x20001800
                0x00000200                _Min_Heap_Size = 0x200
                0x00000400                _Min_Stack_Size = 0x400

.isr_vector     0x08000000       0xc0
                0x08000000                . = ALIGN (0x4)
 *(.isr_vector)
 .isr_vector    0x08000000       0xc0 Drivers/CMSIS/Device/ST/STM32F0xx/Source/Templates/gcc/startup_stm32f042x6.o
                0x08000000                g_pfnVectors
                0x080000c0                . = ALIGN (0x4)

.text           0x080000c0     0x3e18
                0x080000c0                . = ALIGN (0x4)
 *(.text)
 .text          0x080000c0       0xb4 /home/gda/Ac6/SystemWorkbench/plugins/fr.ac6.mcu.externaltools.arm-none.linux64_1.7.0.201602291252/tools/compiler/bin/../lib/gcc/arm-none-eabi/5.2.1/armv6-m/crtbegin.o
 .text          0x08000174       0x14 /home/gda/Ac6/SystemWorkbench/plugins/fr.ac6.mcu.externaltools.arm-none.linux64_1.7.0.201602291252/tools/compiler/bin/../lib/gcc/arm-none-eabi/5.2.1/armv6-m/libgcc.a(_thumb1_case_uqi.o)
                0x08000174                __gnu_thumb1_case_uqi
 .text          0x08000188       0x14 /home/gda/Ac6/SystemWorkbench/plugins/fr.ac6.mcu.externaltools.arm-none.linux64_1.7.0.201602291252/tools/compiler/bin/../lib/gcc/arm-none-eabi/5.2.1/armv6-m/libgcc.a(_thumb1_case_uhi.o)
                0x08000188                __gnu_thumb1_case_uhi
 .text          0x0800019c      0x114 /home/gda/Ac6/SystemWorkbench/plugins/fr.ac6.mcu.externaltools.arm-none.linux64_1.7.0.201602291252/tools/compiler/bin/../lib/gcc/arm-none-eabi/5.2.1/armv6-m/libgcc.a(_udivsi3.o)
                0x0800019c                __udivsi3
                0x0800019c                __aeabi_uidiv
                0x080002a8                __aeabi_uidivmod
 .text          0x080002b0      0x1d4 /home/gda/Ac6/SystemWorkbench/plugins/fr.ac6.mcu.externaltools.arm-none.linux64_1.7.0.201602291252/tools/compiler/bin/../lib/gcc/arm-none-eabi/5.2.1/armv6-m/libgcc.a(_divsi3.o)
                0x080002b0                __aeabi_idiv
                0x080002b0                __divsi3
                0x0800047c                __aeabi_idivmod
 .text          0x08000484        0x4 /home/gda/Ac6/SystemWorkbench/plugins/fr.ac6.mcu.externaltools.arm-none.linux64_1.7.0.201602291252/tools/compiler/bin/../lib/gcc/arm-none-eabi/5.2.1/armv6-m/libgcc.a(_dvmd_tls.o)
                0x08000484                __aeabi_ldiv0
                0x08000484                __aeabi_idiv0
 .text          0x08000488        0xe /home/gda/Ac6/SystemWorkbench/plugins/fr.ac6.mcu.externaltools.arm-none.linux64_1.7.0.201602291252/tools/compiler/bin/../lib/gcc/arm-none-eabi/5.2.1/../../../../arm-none-eabi/lib/armv6-m/libc_nano.a(lib_a-strlen.o)
                0x08000488                strlen
 *(.text*)
 *fill*         0x08000496        0x2 
 .text.Reset_Handler
                0x08000498       0x70 Drivers/CMSIS/Device/ST/STM32F0xx/Source/Templates/gcc/startup_stm32f042x6.o
                0x08000498                Reset_Handler
 .text.Default_Handler
                0x08000508        0x2 Drivers/CMSIS/Device/ST/STM32F0xx/Source/Templates/gcc/startup_stm32f042x6.o
                0x08000508                TIM1_CC_IRQHandler
                0x08000508                TSC_IRQHandler
                0x08000508                I2C1_IRQHandler
                0x08000508                RCC_CRS_IRQHandler
                0x08000508                SPI1_IRQHandler
                0x08000508                EXTI2_3_IRQHandler
                0x08000508                ADC1_IRQHandler
                0x08000508                TIM17_IRQHandler
                0x08000508                RTC_IRQHandler
                0x08000508                PVD_VDDIO2_IRQHandler
                0x08000508                TIM16_IRQHandler
                0x08000508                TIM3_IRQHandler
                0x08000508                EXTI4_15_IRQHandler
                0x08000508                DMA1_Channel1_IRQHandler
                0x08000508                Default_Handler
                0x08000508                TIM14_IRQHandler
                0x08000508                DMA1_Channel4_5_IRQHandler
                0x08000508                EXTI0_1_IRQHandler
                0x08000508                SPI2_IRQHandler
                0x08000508                WWDG_IRQHandler
                0x08000508                TIM2_IRQHandler
                0x08000508                DMA1_Channel2_3_IRQHandler
                0x08000508                USART2_IRQHandler
                0x08000508                FLASH_IRQHandler
                0x08000508                USART1_IRQHandler
                0x08000508                TIM1_BRK_UP_TRG_COM_IRQHandler
 *fill*         0x0800050a        0x2 
 .text.SystemInit
                0x0800050c       0x60 Drivers/CMSIS/Device/ST/STM32F0xx/Source/Templates/system_stm32f0xx.o
                0x0800050c                SystemInit
 .text.HAL_InitTick
                0x0800056c       0x24 Drivers/STM32F0xx_HAL_Driver/Src/stm32f0xx_hal.o
                0x0800056c                HAL_InitTick
 .text.HAL_Init
                0x08000590       0x20 Drivers/STM32F0xx_HAL_Driver/Src/stm32f0xx_hal.o
                0x08000590                HAL_Init
 .text.HAL_IncTick
                0x080005b0       0x10 Drivers/STM32F0xx_HAL_Driver/Src/stm32f0xx_hal.o
                0x080005b0                HAL_IncTick
 .text.HAL_GetTick
                0x080005c0        0xc Drivers/STM32F0xx_HAL_Driver/Src/stm32f0xx_hal.o
                0x080005c0                HAL_GetTick
 .text.HAL_CEC_Init
                0x080005cc       0x68 Drivers/STM32F0xx_HAL_Driver/Src/stm32f0xx_hal_cec.o
                0x080005cc                HAL_CEC_Init
 .text.HAL_CEC_DeInit
                0x08000634       0x2e Drivers/STM32F0xx_HAL_Driver/Src/stm32f0xx_hal_cec.o
                0x08000634                HAL_CEC_DeInit
 .text.HAL_CEC_Transmit
                0x08000662      0x16a Drivers/STM32F0xx_HAL_Driver/Src/stm32f0xx_hal_cec.o
                0x08000662                HAL_CEC_Transmit
 .text.HAL_CEC_Receive_IT
                0x080007cc       0x54 Drivers/STM32F0xx_HAL_Driver/Src/stm32f0xx_hal_cec.o
                0x080007cc                HAL_CEC_Receive_IT
 .text.CEC_Transmit_IT
                0x08000820       0x90 Drivers/STM32F0xx_HAL_Driver/Src/stm32f0xx_hal_cec.o
 .text.CEC_Receive_IT
                0x080008b0       0x54 Drivers/STM32F0xx_HAL_Driver/Src/stm32f0xx_hal_cec.o
 .text.HAL_CEC_IRQHandler
                0x08000904      0x17c Drivers/STM32F0xx_HAL_Driver/Src/stm32f0xx_hal_cec.o
                0x08000904                HAL_CEC_IRQHandler
 .text.HAL_NVIC_SetPriority
                0x08000a80       0x60 Drivers/STM32F0xx_HAL_Driver/Src/stm32f0xx_hal_cortex.o
                0x08000a80                HAL_NVIC_SetPriority
 .text.HAL_NVIC_EnableIRQ
                0x08000ae0       0x14 Drivers/STM32F0xx_HAL_Driver/Src/stm32f0xx_hal_cortex.o
                0x08000ae0                HAL_NVIC_EnableIRQ
 .text.HAL_NVIC_DisableIRQ
                0x08000af4       0x14 Drivers/STM32F0xx_HAL_Driver/Src/stm32f0xx_hal_cortex.o
                0x08000af4                HAL_NVIC_DisableIRQ
 .text.HAL_SYSTICK_Config
                0x08000b08       0x34 Drivers/STM32F0xx_HAL_Driver/Src/stm32f0xx_hal_cortex.o
                0x08000b08                HAL_SYSTICK_Config
 .text.HAL_SYSTICK_CLKSourceConfig
                0x08000b3c       0x1c Drivers/STM32F0xx_HAL_Driver/Src/stm32f0xx_hal_cortex.o
                0x08000b3c                HAL_SYSTICK_CLKSourceConfig
 .text.HAL_SYSTICK_Callback
                0x08000b58        0x2 Drivers/STM32F0xx_HAL_Driver/Src/stm32f0xx_hal_cortex.o
                0x08000b58                HAL_SYSTICK_Callback
 .text.HAL_SYSTICK_IRQHandler
                0x08000b5a        0x8 Drivers/STM32F0xx_HAL_Driver/Src/stm32f0xx_hal_cortex.o
                0x08000b5a                HAL_SYSTICK_IRQHandler
 *fill*         0x08000b62        0x2 
 .text.HAL_GPIO_Init
                0x08000b64      0x150 Drivers/STM32F0xx_HAL_Driver/Src/stm32f0xx_hal_gpio.o
                0x08000b64                HAL_GPIO_Init
 .text.HAL_GPIO_DeInit
                0x08000cb4       0xc4 Drivers/STM32F0xx_HAL_Driver/Src/stm32f0xx_hal_gpio.o
                0x08000cb4                HAL_GPIO_DeInit
 .text.HAL_PCD_Init
                0x08000d78       0x8c Drivers/STM32F0xx_HAL_Driver/Src/stm32f0xx_hal_pcd.o
                0x08000d78                HAL_PCD_Init
 .text.HAL_PCD_Start
                0x08000e04       0x12 Drivers/STM32F0xx_HAL_Driver/Src/stm32f0xx_hal_pcd.o
                0x08000e04                HAL_PCD_Start
 .text.HAL_PCD_SetAddress
                0x08000e16       0x2e Drivers/STM32F0xx_HAL_Driver/Src/stm32f0xx_hal_pcd.o
                0x08000e16                HAL_PCD_SetAddress
 .text.HAL_PCD_EP_Open
                0x08000e44      0x29c Drivers/STM32F0xx_HAL_Driver/Src/stm32f0xx_hal_pcd.o
                0x08000e44                HAL_PCD_EP_Open
 .text.HAL_PCD_EP_Close
                0x080010e0      0x160 Drivers/STM32F0xx_HAL_Driver/Src/stm32f0xx_hal_pcd.o
                0x080010e0                HAL_PCD_EP_Close
 .text.HAL_PCD_EP_Receive
                0x08001240      0x18c Drivers/STM32F0xx_HAL_Driver/Src/stm32f0xx_hal_pcd.o
                0x08001240                HAL_PCD_EP_Receive
 .text.HAL_PCD_EP_GetRxCount
                0x080013cc       0x12 Drivers/STM32F0xx_HAL_Driver/Src/stm32f0xx_hal_pcd.o
                0x080013cc                HAL_PCD_EP_GetRxCount
 *fill*         0x080013de        0x2 
 .text.HAL_PCD_EP_SetStall
                0x080013e0       0x98 Drivers/STM32F0xx_HAL_Driver/Src/stm32f0xx_hal_pcd.o
                0x080013e0                HAL_PCD_EP_SetStall
 .text.HAL_PCD_EP_ClrStall
                0x08001478       0xbc Drivers/STM32F0xx_HAL_Driver/Src/stm32f0xx_hal_pcd.o
                0x08001478                HAL_PCD_EP_ClrStall
 .text.PCD_WritePMA
                0x08001534       0x28 Drivers/STM32F0xx_HAL_Driver/Src/stm32f0xx_hal_pcd.o
                0x08001534                PCD_WritePMA
 .text.HAL_PCD_EP_Transmit
                0x0800155c      0x1d8 Drivers/STM32F0xx_HAL_Driver/Src/stm32f0xx_hal_pcd.o
                0x0800155c                HAL_PCD_EP_Transmit
 .text.PCD_ReadPMA
                0x08001734       0x22 Drivers/STM32F0xx_HAL_Driver/Src/stm32f0xx_hal_pcd.o
                0x08001734                PCD_ReadPMA
 *fill*         0x08001756        0x2 
 .text.HAL_PCD_IRQHandler
                0x08001758      0x470 Drivers/STM32F0xx_HAL_Driver/Src/stm32f0xx_hal_pcd.o
                0x08001758                HAL_PCD_IRQHandler
 .text.HAL_PCDEx_PMAConfig
                0x08001bc8       0x36 Drivers/STM32F0xx_HAL_Driver/Src/stm32f0xx_hal_pcd_ex.o
                0x08001bc8                HAL_PCDEx_PMAConfig
 *fill*         0x08001bfe        0x2 
 .text.HAL_RCC_OscConfig
                0x08001c00      0x478 Drivers/STM32F0xx_HAL_Driver/Src/stm32f0xx_hal_rcc.o
                0x08001c00                HAL_RCC_OscConfig
 .text.HAL_RCC_GetSysClockFreq
                0x08002078       0x78 Drivers/STM32F0xx_HAL_Driver/Src/stm32f0xx_hal_rcc.o
                0x08002078                HAL_RCC_GetSysClockFreq
 .text.HAL_RCC_ClockConfig
                0x080020f0      0x158 Drivers/STM32F0xx_HAL_Driver/Src/stm32f0xx_hal_rcc.o
                0x080020f0                HAL_RCC_ClockConfig
 .text.HAL_RCC_GetHCLKFreq
                0x08002248        0xc Drivers/STM32F0xx_HAL_Driver/Src/stm32f0xx_hal_rcc.o
                0x08002248                HAL_RCC_GetHCLKFreq
 .text.HAL_RCCEx_PeriphCLKConfig
                0x08002254      0x134 Drivers/STM32F0xx_HAL_Driver/Src/stm32f0xx_hal_rcc_ex.o
                0x08002254                HAL_RCCEx_PeriphCLKConfig
 .text.USBD_CDC_DataIn
                0x08002388       0x16 Middlewares/ST/STM32_USB_Device_Library/Class/CDC/Src/usbd_cdc.o
 *fill*         0x0800239e        0x2 
 .text.USBD_CDC_EP0_RxReady
                0x080023a0       0x30 Middlewares/ST/STM32_USB_Device_Library/Class/CDC/Src/usbd_cdc.o
 .text.USBD_CDC_GetFSCfgDesc
                0x080023d0        0xc Middlewares/ST/STM32_USB_Device_Library/Class/CDC/Src/usbd_cdc.o
 .text.USBD_CDC_GetHSCfgDesc
                0x080023dc       0x10 Middlewares/ST/STM32_USB_Device_Library/Class/CDC/Src/usbd_cdc.o
 .text.USBD_CDC_GetOtherSpeedCfgDesc
                0x080023ec       0x10 Middlewares/ST/STM32_USB_Device_Library/Class/CDC/Src/usbd_cdc.o
 .text.USBD_CDC_GetDeviceQualifierDescriptor
                0x080023fc       0x10 Middlewares/ST/STM32_USB_Device_Library/Class/CDC/Src/usbd_cdc.o
                0x080023fc                USBD_CDC_GetDeviceQualifierDescriptor
 .text.USBD_CDC_DataOut
                0x0800240c       0x34 Middlewares/ST/STM32_USB_Device_Library/Class/CDC/Src/usbd_cdc.o
 .text.USBD_CDC_Setup
                0x08002440       0x78 Middlewares/ST/STM32_USB_Device_Library/Class/CDC/Src/usbd_cdc.o
 .text.USBD_CDC_DeInit
                0x080024b8       0x3c Middlewares/ST/STM32_USB_Device_Library/Class/CDC/Src/usbd_cdc.o
 .text.USBD_CDC_Init
                0x080024f4       0x90 Middlewares/ST/STM32_USB_Device_Library/Class/CDC/Src/usbd_cdc.o
 .text.USBD_CDC_RegisterInterface
                0x08002584       0x12 Middlewares/ST/STM32_USB_Device_Library/Class/CDC/Src/usbd_cdc.o
                0x08002584                USBD_CDC_RegisterInterface
 .text.USBD_CDC_SetTxBuffer
                0x08002596       0x16 Middlewares/ST/STM32_USB_Device_Library/Class/CDC/Src/usbd_cdc.o
                0x08002596                USBD_CDC_SetTxBuffer
 .text.USBD_CDC_SetRxBuffer
                0x080025ac        0xe Middlewares/ST/STM32_USB_Device_Library/Class/CDC/Src/usbd_cdc.o
                0x080025ac                USBD_CDC_SetRxBuffer
 .text.USBD_CDC_TransmitPacket
                0x080025ba       0x36 Middlewares/ST/STM32_USB_Device_Library/Class/CDC/Src/usbd_cdc.o
                0x080025ba                USBD_CDC_TransmitPacket
 .text.USBD_CDC_ReceivePacket
                0x080025f0       0x38 Middlewares/ST/STM32_USB_Device_Library/Class/CDC/Src/usbd_cdc.o
                0x080025f0                USBD_CDC_ReceivePacket
 .text.USBD_Init
                0x08002628       0x34 Middlewares/ST/STM32_USB_Device_Library/Core/Src/usbd_core.o
                0x08002628                USBD_Init
 .text.USBD_RegisterClass
                0x0800265c       0x12 Middlewares/ST/STM32_USB_Device_Library/Core/Src/usbd_core.o
                0x0800265c                USBD_RegisterClass
 .text.USBD_Start
                0x0800266e        0xa Middlewares/ST/STM32_USB_Device_Library/Core/Src/usbd_core.o
                0x0800266e                USBD_Start
 .text.USBD_SetClassConfig
                0x08002678       0x1a Middlewares/ST/STM32_USB_Device_Library/Core/Src/usbd_core.o
                0x08002678                USBD_SetClassConfig
 .text.USBD_ClrClassConfig
                0x08002692       0x10 Middlewares/ST/STM32_USB_Device_Library/Core/Src/usbd_core.o
                0x08002692                USBD_ClrClassConfig
 *fill*         0x080026a2        0x2 
 .text.USBD_LL_SetupStage
                0x080026a4       0x68 Middlewares/ST/STM32_USB_Device_Library/Core/Src/usbd_core.o
                0x080026a4                USBD_LL_SetupStage
 .text.USBD_LL_DataOutStage
                0x0800270c       0x74 Middlewares/ST/STM32_USB_Device_Library/Core/Src/usbd_core.o
                0x0800270c                USBD_LL_DataOutStage
 .text.USBD_LL_DataInStage
                0x08002780       0xac Middlewares/ST/STM32_USB_Device_Library/Core/Src/usbd_core.o
                0x08002780                USBD_LL_DataInStage
 .text.USBD_LL_Reset
                0x0800282c       0x46 Middlewares/ST/STM32_USB_Device_Library/Core/Src/usbd_core.o
                0x0800282c                USBD_LL_Reset
 .text.USBD_LL_SetSpeed
                0x08002872        0x6 Middlewares/ST/STM32_USB_Device_Library/Core/Src/usbd_core.o
                0x08002872                USBD_LL_SetSpeed
 .text.USBD_LL_Suspend
                0x08002878       0x16 Middlewares/ST/STM32_USB_Device_Library/Core/Src/usbd_core.o
                0x08002878                USBD_LL_Suspend
 .text.USBD_LL_Resume
                0x0800288e        0xe Middlewares/ST/STM32_USB_Device_Library/Core/Src/usbd_core.o
                0x0800288e                USBD_LL_Resume
 .text.USBD_LL_SOF
                0x0800289c       0x1e Middlewares/ST/STM32_USB_Device_Library/Core/Src/usbd_core.o
                0x0800289c                USBD_LL_SOF
 .text.USBD_ParseSetupRequest
                0x080028ba       0x28 Middlewares/ST/STM32_USB_Device_Library/Core/Src/usbd_ctlreq.o
                0x080028ba                USBD_ParseSetupRequest
 .text.USBD_CtlError
                0x080028e2       0x14 Middlewares/ST/STM32_USB_Device_Library/Core/Src/usbd_ctlreq.o
                0x080028e2                USBD_CtlError
 *fill*         0x080028f6        0x2 
 .text.USBD_StdDevReq
                0x080028f8      0x23c Middlewares/ST/STM32_USB_Device_Library/Core/Src/usbd_ctlreq.o
                0x080028f8                USBD_StdDevReq
 .text.USBD_StdItfReq
                0x08002b34       0x3a Middlewares/ST/STM32_USB_Device_Library/Core/Src/usbd_ctlreq.o
                0x08002b34                USBD_StdItfReq
 .text.USBD_StdEPReq
                0x08002b6e       0xe0 Middlewares/ST/STM32_USB_Device_Library/Core/Src/usbd_ctlreq.o
                0x08002b6e                USBD_StdEPReq
 .text.USBD_GetString
                0x08002c4e       0x3c Middlewares/ST/STM32_USB_Device_Library/Core/Src/usbd_ctlreq.o
                0x08002c4e                USBD_GetString
 .text.USBD_CtlSendData
                0x08002c8a       0x1c Middlewares/ST/STM32_USB_Device_Library/Core/Src/usbd_ioreq.o
                0x08002c8a                USBD_CtlSendData
 .text.USBD_CtlContinueSendData
                0x08002ca6       0x10 Middlewares/ST/STM32_USB_Device_Library/Core/Src/usbd_ioreq.o
                0x08002ca6                USBD_CtlContinueSendData
 .text.USBD_CtlPrepareRx
                0x08002cb6       0x20 Middlewares/ST/STM32_USB_Device_Library/Core/Src/usbd_ioreq.o
                0x08002cb6                USBD_CtlPrepareRx
 .text.USBD_CtlContinueRx
                0x08002cd6       0x10 Middlewares/ST/STM32_USB_Device_Library/Core/Src/usbd_ioreq.o
                0x08002cd6                USBD_CtlContinueRx
 .text.USBD_CtlSendStatus
                0x08002ce6       0x18 Middlewares/ST/STM32_USB_Device_Library/Core/Src/usbd_ioreq.o
                0x08002ce6                USBD_CtlSendStatus
 .text.USBD_CtlReceiveStatus
                0x08002cfe       0x18 Middlewares/ST/STM32_USB_Device_Library/Core/Src/usbd_ioreq.o
                0x08002cfe                USBD_CtlReceiveStatus
 .text.NMI_Handler
                0x08002d16        0x2 Src/cecbridge.o
                0x08002d16                NMI_Handler
 .text.HardFault_Handler
                0x08002d18        0x2 Src/cecbridge.o
                0x08002d18                HardFault_Handler
 .text.SVC_Handler
                0x08002d1a        0x2 Src/cecbridge.o
                0x08002d1a                SVC_Handler
 .text.PendSV_Handler
                0x08002d1c        0x2 Src/cecbridge.o
                0x08002d1c                PendSV_Handler
 .text.SysTick_Handler
                0x08002d1e        0xc Src/cecbridge.o
                0x08002d1e                SysTick_Handler
 *fill*         0x08002d2a        0x2 
 .text.USB_IRQHandler
                0x08002d2c       0x10 Src/cecbridge.o
                0x08002d2c                USB_IRQHandler
 .text.SystemClock_Config
                0x08002d3c       0x66 Src/cecbridge.o
                0x08002d3c                SystemClock_Config
 *fill*         0x08002da2        0x2 
 .text.getCecHandle
                0x08002da4       0x20 Src/cecbridge.o
                0x08002da4                getCecHandle
 .text.CEC_CAN_IRQHandler
                0x08002dc4        0xc Src/cecbridge.o
                0x08002dc4                CEC_CAN_IRQHandler
 .text.startup.main
                0x08002dd0       0x6c Src/cecbridge.o
                0x08002dd0                main
 .text.transmitCecCommand
                0x08002e3c       0x2c Src/cecbridge.o
                0x08002e3c                transmitCecCommand
 .text.handleCommand
                0x08002e68      0x14c Src/cecbridge.o
                0x08002e68                handleCommand
 .text.USB_CDC_Recv_CB
                0x08002fb4       0x74 Src/cecbridge.o
                0x08002fb4                USB_CDC_Recv_CB
 .text.HAL_CEC_TxCpltCallback
                0x08003028        0x8 Src/cecbridge.o
                0x08003028                HAL_CEC_TxCpltCallback
 .text.HAL_CEC_RxCpltCallback
                0x08003030       0xb0 Src/cecbridge.o
                0x08003030                HAL_CEC_RxCpltCallback
 .text.HAL_CEC_ErrorCallback
                0x080030e0       0x18 Src/cecbridge.o
                0x080030e0                HAL_CEC_ErrorCallback
 .text.Error_Handler
                0x080030f8        0x2 Src/cecbridge.o
                0x080030f8                Error_Handler
 *fill*         0x080030fa        0x2 
 .text.HAL_MspInit
                0x080030fc       0x40 Src/stm32f0xx_hal_msp.o
                0x080030fc                HAL_MspInit
 .text.HAL_CEC_MspInit
                0x0800313c       0x58 Src/stm32f0xx_hal_msp.o
                0x0800313c                HAL_CEC_MspInit
 .text.HAL_CEC_MspDeInit
                0x08003194       0x34 Src/stm32f0xx_hal_msp.o
                0x08003194                HAL_CEC_MspDeInit
 .text.MX_USB_DEVICE_Init
                0x080031c8       0x38 Src/usb_device.o
                0x080031c8                MX_USB_DEVICE_Init
 .text.CDC_DeInit_FS
                0x08003200        0x4 Src/usbd_cdc_if.o
 .text.CDC_Control_FS
                0x08003204        0x4 Src/usbd_cdc_if.o
 .text.CDC_Receive_FS
                0x08003208       0x28 Src/usbd_cdc_if.o
 .text.CDC_Init_FS
                0x08003230       0x28 Src/usbd_cdc_if.o
 .text.CDC_Transmit_FS
                0x08003258       0x2c Src/usbd_cdc_if.o
                0x08003258                CDC_Transmit_FS
 .text.HAL_PCD_MspInit
                0x08003284       0x38 Src/usbd_conf.o
                0x08003284                HAL_PCD_MspInit
 .text.HAL_PCD_SetupStageCallback
                0x080032bc       0x14 Src/usbd_conf.o
                0x080032bc                HAL_PCD_SetupStageCallback
 .text.HAL_PCD_DataOutStageCallback
                0x080032d0       0x18 Src/usbd_conf.o
                0x080032d0                HAL_PCD_DataOutStageCallback
 .text.HAL_PCD_DataInStageCallback
                0x080032e8       0x16 Src/usbd_conf.o
                0x080032e8                HAL_PCD_DataInStageCallback
 .text.HAL_PCD_SOFCallback
                0x080032fe        0xe Src/usbd_conf.o
                0x080032fe                HAL_PCD_SOFCallback
 .text.HAL_PCD_ResetCallback
                0x0800330c       0x18 Src/usbd_conf.o
                0x0800330c                HAL_PCD_ResetCallback
 .text.HAL_PCD_SuspendCallback
                0x08003324       0x24 Src/usbd_conf.o
                0x08003324                HAL_PCD_SuspendCallback
 .text.HAL_PCD_ResumeCallback
                0x08003348       0x28 Src/usbd_conf.o
                0x08003348                HAL_PCD_ResumeCallback
 .text.USBD_LL_Init
                0x08003370       0x84 Src/usbd_conf.o
                0x08003370                USBD_LL_Init
 .text.USBD_LL_Start
                0x080033f4       0x10 Src/usbd_conf.o
                0x080033f4                USBD_LL_Start
 .text.USBD_LL_OpenEP
                0x08003404       0x16 Src/usbd_conf.o
                0x08003404                USBD_LL_OpenEP
 .text.USBD_LL_CloseEP
                0x0800341a       0x10 Src/usbd_conf.o
                0x0800341a                USBD_LL_CloseEP
 .text.USBD_LL_StallEP
                0x0800342a       0x10 Src/usbd_conf.o
                0x0800342a                USBD_LL_StallEP
 .text.USBD_LL_ClearStallEP
                0x0800343a       0x10 Src/usbd_conf.o
                0x0800343a                USBD_LL_ClearStallEP
 .text.USBD_LL_IsStallEP
                0x0800344a       0x26 Src/usbd_conf.o
                0x0800344a                USBD_LL_IsStallEP
 .text.USBD_LL_SetUSBAddress
                0x08003470       0x10 Src/usbd_conf.o
                0x08003470                USBD_LL_SetUSBAddress
 .text.USBD_LL_Transmit
                0x08003480       0x10 Src/usbd_conf.o
                0x08003480                USBD_LL_Transmit
 .text.USBD_LL_PrepareReceive
                0x08003490       0x10 Src/usbd_conf.o
                0x08003490                USBD_LL_PrepareReceive
 .text.USBD_LL_GetRxDataSize
                0x080034a0        0xe Src/usbd_conf.o
                0x080034a0                USBD_LL_GetRxDataSize
 *fill*         0x080034ae        0x2 
 .text.USBD_static_malloc
                0x080034b0        0x8 Src/usbd_conf.o
                0x080034b0                USBD_static_malloc
 .text.USBD_static_free
                0x080034b8        0x2 Src/usbd_conf.o
                0x080034b8                USBD_static_free
 *fill*         0x080034ba        0x2 
 .text.USBD_FS_DeviceDescriptor
                0x080034bc        0xc Src/usbd_desc.o
                0x080034bc                USBD_FS_DeviceDescriptor
 .text.USBD_FS_LangIDStrDescriptor
                0x080034c8       0x10 Src/usbd_desc.o
                0x080034c8                USBD_FS_LangIDStrDescriptor
 .text.USBD_FS_ManufacturerStrDescriptor
                0x080034d8       0x1c Src/usbd_desc.o
                0x080034d8                USBD_FS_ManufacturerStrDescriptor
 .text.USBD_FS_ProductStrDescriptor
                0x080034f4       0x1c Src/usbd_desc.o
                0x080034f4                USBD_FS_ProductStrDescriptor
 .text.USBD_FS_SerialStrDescriptor
                0x08003510       0x1c Src/usbd_desc.o
                0x08003510                USBD_FS_SerialStrDescriptor
 .text.USBD_FS_ConfigStrDescriptor
                0x0800352c       0x1c Src/usbd_desc.o
                0x0800352c                USBD_FS_ConfigStrDescriptor
 .text.USBD_FS_InterfaceStrDescriptor
                0x08003548       0x1c Src/usbd_desc.o
                0x08003548                USBD_FS_InterfaceStrDescriptor
 .text.asprintf
                0x08003564       0x4c /home/gda/Ac6/SystemWorkbench/plugins/fr.ac6.mcu.externaltools.arm-none.linux64_1.7.0.201602291252/tools/compiler/bin/../lib/gcc/arm-none-eabi/5.2.1/../../../../arm-none-eabi/lib/armv6-m/libc_nano.a(lib_a-asprintf.o)
                0x08003564                asiprintf
                0x08003564                asprintf
 .text.calloc   0x080035b0       0x14 /home/gda/Ac6/SystemWorkbench/plugins/fr.ac6.mcu.externaltools.arm-none.linux64_1.7.0.201602291252/tools/compiler/bin/../lib/gcc/arm-none-eabi/5.2.1/../../../../arm-none-eabi/lib/armv6-m/libc_nano.a(lib_a-calloc.o)
                0x080035b0                calloc
 .text.__libc_init_array
                0x080035c4       0x4c /home/gda/Ac6/SystemWorkbench/plugins/fr.ac6.mcu.externaltools.arm-none.linux64_1.7.0.201602291252/tools/compiler/bin/../lib/gcc/arm-none-eabi/5.2.1/../../../../arm-none-eabi/lib/armv6-m/libc_nano.a(lib_a-init.o)
                0x080035c4                __libc_init_array
 .text.free     0x08003610       0x14 /home/gda/Ac6/SystemWorkbench/plugins/fr.ac6.mcu.externaltools.arm-none.linux64_1.7.0.201602291252/tools/compiler/bin/../lib/gcc/arm-none-eabi/5.2.1/../../../../arm-none-eabi/lib/armv6-m/libc_nano.a(lib_a-malloc.o)
                0x08003610                free
 .text.memcpy   0x08003624       0x12 /home/gda/Ac6/SystemWorkbench/plugins/fr.ac6.mcu.externaltools.arm-none.linux64_1.7.0.201602291252/tools/compiler/bin/../lib/gcc/arm-none-eabi/5.2.1/../../../../arm-none-eabi/lib/armv6-m/libc_nano.a(lib_a-memcpy-stub.o)
                0x08003624                memcpy
 .text.memset   0x08003636       0x10 /home/gda/Ac6/SystemWorkbench/plugins/fr.ac6.mcu.externaltools.arm-none.linux64_1.7.0.201602291252/tools/compiler/bin/../lib/gcc/arm-none-eabi/5.2.1/../../../../arm-none-eabi/lib/armv6-m/libc_nano.a(lib_a-memset.o)
                0x08003636                memset
 .text._calloc_r
                0x08003646       0x1c /home/gda/Ac6/SystemWorkbench/plugins/fr.ac6.mcu.externaltools.arm-none.linux64_1.7.0.201602291252/tools/compiler/bin/../lib/gcc/arm-none-eabi/5.2.1/../../../../arm-none-eabi/lib/armv6-m/libc_nano.a(lib_a-nano-callocr.o)
                0x08003646                _calloc_r
 *fill*         0x08003662        0x2 
 .text._free_r  0x08003664       0x8c /home/gda/Ac6/SystemWorkbench/plugins/fr.ac6.mcu.externaltools.arm-none.linux64_1.7.0.201602291252/tools/compiler/bin/../lib/gcc/arm-none-eabi/5.2.1/../../../../arm-none-eabi/lib/armv6-m/libc_nano.a(lib_a-nano-freer.o)
                0x08003664                _free_r
 .text._malloc_r
                0x080036f0       0xac /home/gda/Ac6/SystemWorkbench/plugins/fr.ac6.mcu.externaltools.arm-none.linux64_1.7.0.201602291252/tools/compiler/bin/../lib/gcc/arm-none-eabi/5.2.1/../../../../arm-none-eabi/lib/armv6-m/libc_nano.a(lib_a-nano-mallocr.o)
                0x080036f0                _malloc_r
 .text.__ssputs_r
                0x0800379c       0xc4 /home/gda/Ac6/SystemWorkbench/plugins/fr.ac6.mcu.externaltools.arm-none.linux64_1.7.0.201602291252/tools/compiler/bin/../lib/gcc/arm-none-eabi/5.2.1/../../../../arm-none-eabi/lib/armv6-m/libc_nano.a(lib_a-nano-svfprintf.o)
                0x0800379c                __ssputs_r
 .text._svfprintf_r
                0x08003860      0x1fc /home/gda/Ac6/SystemWorkbench/plugins/fr.ac6.mcu.externaltools.arm-none.linux64_1.7.0.201602291252/tools/compiler/bin/../lib/gcc/arm-none-eabi/5.2.1/../../../../arm-none-eabi/lib/armv6-m/libc_nano.a(lib_a-nano-svfprintf.o)
                0x08003860                _svfprintf_r
                0x08003860                _svfiprintf_r
 .text._printf_common
                0x08003a5c       0xdc /home/gda/Ac6/SystemWorkbench/plugins/fr.ac6.mcu.externaltools.arm-none.linux64_1.7.0.201602291252/tools/compiler/bin/../lib/gcc/arm-none-eabi/5.2.1/../../../../arm-none-eabi/lib/armv6-m/libc_nano.a(lib_a-nano-vfprintf_i.o)
                0x08003a5c                _printf_common
 .text._printf_i
                0x08003b38      0x244 /home/gda/Ac6/SystemWorkbench/plugins/fr.ac6.mcu.externaltools.arm-none.linux64_1.7.0.201602291252/tools/compiler/bin/../lib/gcc/arm-none-eabi/5.2.1/../../../../arm-none-eabi/lib/armv6-m/libc_nano.a(lib_a-nano-vfprintf_i.o)
                0x08003b38                _printf_i
 .text._sbrk_r  0x08003d7c       0x24 /home/gda/Ac6/SystemWorkbench/plugins/fr.ac6.mcu.externaltools.arm-none.linux64_1.7.0.201602291252/tools/compiler/bin/../lib/gcc/arm-none-eabi/5.2.1/../../../../arm-none-eabi/lib/armv6-m/libc_nano.a(lib_a-sbrkr.o)
                0x08003d7c                _sbrk_r
 .text.sprintf  0x08003da0       0x44 /home/gda/Ac6/SystemWorkbench/plugins/fr.ac6.mcu.externaltools.arm-none.linux64_1.7.0.201602291252/tools/compiler/bin/../lib/gcc/arm-none-eabi/5.2.1/../../../../arm-none-eabi/lib/armv6-m/libc_nano.a(lib_a-sprintf.o)
                0x08003da0                sprintf
                0x08003da0                siprintf
 .text.strchr   0x08003de4       0x1c /home/gda/Ac6/SystemWorkbench/plugins/fr.ac6.mcu.externaltools.arm-none.linux64_1.7.0.201602291252/tools/compiler/bin/../lib/gcc/arm-none-eabi/5.2.1/../../../../arm-none-eabi/lib/armv6-m/libc_nano.a(lib_a-strchr.o)
                0x08003de4                strchr
 .text.memchr   0x08003e00       0x16 /home/gda/Ac6/SystemWorkbench/plugins/fr.ac6.mcu.externaltools.arm-none.linux64_1.7.0.201602291252/tools/compiler/bin/../lib/gcc/arm-none-eabi/5.2.1/../../../../arm-none-eabi/lib/armv6-m/libc_nano.a(lib_a-memchr-stub.o)
                0x08003e00                memchr
 .text.memmove  0x08003e16       0x2a /home/gda/Ac6/SystemWorkbench/plugins/fr.ac6.mcu.externaltools.arm-none.linux64_1.7.0.201602291252/tools/compiler/bin/../lib/gcc/arm-none-eabi/5.2.1/../../../../arm-none-eabi/lib/armv6-m/libc_nano.a(lib_a-memmove.o)
                0x08003e16                memmove
 .text._realloc_r
                0x08003e40       0x4c /home/gda/Ac6/SystemWorkbench/plugins/fr.ac6.mcu.externaltools.arm-none.linux64_1.7.0.201602291252/tools/compiler/bin/../lib/gcc/arm-none-eabi/5.2.1/../../../../arm-none-eabi/lib/armv6-m/libc_nano.a(lib_a-nano-reallocr.o)
                0x08003e40                _realloc_r
 .text._malloc_usable_size_r
                0x08003e8c       0x16 /home/gda/Ac6/SystemWorkbench/plugins/fr.ac6.mcu.externaltools.arm-none.linux64_1.7.0.201602291252/tools/compiler/bin/../lib/gcc/arm-none-eabi/5.2.1/../../../../arm-none-eabi/lib/armv6-m/libc_nano.a(lib_a-nano-msizer.o)
                0x08003e8c                _malloc_usable_size_r
 *fill*         0x08003ea2        0x2 
 .text._sbrk    0x08003ea4       0x1c /home/gda/Ac6/SystemWorkbench/plugins/fr.ac6.mcu.externaltools.arm-none.linux64_1.7.0.201602291252/tools/compiler/bin/../lib/gcc/arm-none-eabi/5.2.1/../../../../arm-none-eabi/lib/armv6-m/libnosys.a(sbrk.o)
                0x08003ea4                _sbrk
 *(.glue_7)
 .glue_7        0x08003ec0        0x0 linker stubs
 *(.glue_7t)
 .glue_7t       0x08003ec0        0x0 linker stubs
 *(.eh_frame)
 .eh_frame      0x08003ec0        0x0 /home/gda/Ac6/SystemWorkbench/plugins/fr.ac6.mcu.externaltools.arm-none.linux64_1.7.0.201602291252/tools/compiler/bin/../lib/gcc/arm-none-eabi/5.2.1/armv6-m/crtbegin.o
 *(.init)
 .init          0x08003ec0        0x4 /home/gda/Ac6/SystemWorkbench/plugins/fr.ac6.mcu.externaltools.arm-none.linux64_1.7.0.201602291252/tools/compiler/bin/../lib/gcc/arm-none-eabi/5.2.1/armv6-m/crti.o
                0x08003ec0                _init
 .init          0x08003ec4        0x8 /home/gda/Ac6/SystemWorkbench/plugins/fr.ac6.mcu.externaltools.arm-none.linux64_1.7.0.201602291252/tools/compiler/bin/../lib/gcc/arm-none-eabi/5.2.1/armv6-m/crtn.o
 *(.fini)
 .fini          0x08003ecc        0x4 /home/gda/Ac6/SystemWorkbench/plugins/fr.ac6.mcu.externaltools.arm-none.linux64_1.7.0.201602291252/tools/compiler/bin/../lib/gcc/arm-none-eabi/5.2.1/armv6-m/crti.o
                0x08003ecc                _fini
 .fini          0x08003ed0        0x8 /home/gda/Ac6/SystemWorkbench/plugins/fr.ac6.mcu.externaltools.arm-none.linux64_1.7.0.201602291252/tools/compiler/bin/../lib/gcc/arm-none-eabi/5.2.1/armv6-m/crtn.o
                0x08003ed8                . = ALIGN (0x4)
                0x08003ed8                _etext = .

.vfp11_veneer   0x08003ed8        0x0
 .vfp11_veneer  0x08003ed8        0x0 linker stubs

.v4_bx          0x08003ed8        0x0
 .v4_bx         0x08003ed8        0x0 linker stubs

.iplt           0x08003ed8        0x0
 .iplt          0x08003ed8        0x0 /home/gda/Ac6/SystemWorkbench/plugins/fr.ac6.mcu.externaltools.arm-none.linux64_1.7.0.201602291252/tools/compiler/bin/../lib/gcc/arm-none-eabi/5.2.1/armv6-m/crtbegin.o

.rodata         0x08003ed8      0x1d0
                0x08003ed8                . = ALIGN (0x4)
 *(.rodata)
 .rodata        0x08003ed8       0x18 Drivers/CMSIS/Device/ST/STM32F0xx/Source/Templates/system_stm32f0xx.o
                0x08003ed8                AHBPrescTable
                0x08003ee8                APBPrescTable
 .rodata        0x08003ef0       0x20 Drivers/STM32F0xx_HAL_Driver/Src/stm32f0xx_hal_rcc.o
 *(.rodata*)
 .rodata.str1.1
                0x08003f10       0x11 Src/cecbridge.o
 .rodata.str1.1
                0x08003f21       0x4f Src/usbd_desc.o
 .rodata._ctype_
                0x08003f70      0x101 /home/gda/Ac6/SystemWorkbench/plugins/fr.ac6.mcu.externaltools.arm-none.linux64_1.7.0.201602291252/tools/compiler/bin/../lib/gcc/arm-none-eabi/5.2.1/../../../../arm-none-eabi/lib/armv6-m/libc_nano.a(lib_a-ctype_.o)
                0x08003f70                _ctype_
 .rodata.str1.1
                0x08004071        0x2 /home/gda/Ac6/SystemWorkbench/plugins/fr.ac6.mcu.externaltools.arm-none.linux64_1.7.0.201602291252/tools/compiler/bin/../lib/gcc/arm-none-eabi/5.2.1/../../../../arm-none-eabi/lib/armv6-m/libc_nano.a(lib_a-impure.o)
 .rodata.str1.1
                0x08004073       0x11 /home/gda/Ac6/SystemWorkbench/plugins/fr.ac6.mcu.externaltools.arm-none.linux64_1.7.0.201602291252/tools/compiler/bin/../lib/gcc/arm-none-eabi/5.2.1/../../../../arm-none-eabi/lib/armv6-m/libc_nano.a(lib_a-nano-svfprintf.o)
 .rodata.str1.1
                0x08004084       0x22 /home/gda/Ac6/SystemWorkbench/plugins/fr.ac6.mcu.externaltools.arm-none.linux64_1.7.0.201602291252/tools/compiler/bin/../lib/gcc/arm-none-eabi/5.2.1/../../../../arm-none-eabi/lib/armv6-m/libc_nano.a(lib_a-nano-vfprintf_i.o)
                0x080040a8                . = ALIGN (0x4)
 *fill*         0x080040a6        0x2 

.rel.dyn        0x080040a8        0x0
 .rel.iplt      0x080040a8        0x0 /home/gda/Ac6/SystemWorkbench/plugins/fr.ac6.mcu.externaltools.arm-none.linux64_1.7.0.201602291252/tools/compiler/bin/../lib/gcc/arm-none-eabi/5.2.1/armv6-m/crtbegin.o

.ARM.extab
 *(.ARM.extab* .gnu.linkonce.armextab.*)

.ARM            0x080040a8        0x0
                0x080040a8                __exidx_start = .
 *(.ARM.exidx*)
                0x080040a8                __exidx_end = .

.preinit_array  0x080040a8        0x0
                0x080040a8                PROVIDE (__preinit_array_start, .)
 *(.preinit_array*)
                0x080040a8                PROVIDE (__preinit_array_end, .)

.init_array     0x080040a8        0x4
                0x080040a8                PROVIDE (__init_array_start, .)
 *(SORT(.init_array.*))
 *(.init_array*)
 .init_array    0x080040a8        0x4 /home/gda/Ac6/SystemWorkbench/plugins/fr.ac6.mcu.externaltools.arm-none.linux64_1.7.0.201602291252/tools/compiler/bin/../lib/gcc/arm-none-eabi/5.2.1/armv6-m/crtbegin.o
                0x080040ac                PROVIDE (__init_array_end, .)

.fini_array     0x080040ac        0x4
                [!provide]                PROVIDE (__fini_array_start, .)
 *(SORT(.fini_array.*))
 *(.fini_array*)
 .fini_array    0x080040ac        0x4 /home/gda/Ac6/SystemWorkbench/plugins/fr.ac6.mcu.externaltools.arm-none.linux64_1.7.0.201602291252/tools/compiler/bin/../lib/gcc/arm-none-eabi/5.2.1/armv6-m/crtbegin.o
                [!provide]                PROVIDE (__fini_array_end, .)
                0x080040b0                _sidata = LOADADDR (.data)

.data           0x20000000      0x1c4 load address 0x080040b0
                0x20000000                . = ALIGN (0x4)
                0x20000000                _sdata = .
 *(.data)
 .data          0x20000000        0x4 Drivers/CMSIS/Device/ST/STM32F0xx/Source/Templates/system_stm32f0xx.o
                0x20000000                SystemCoreClock
 .data          0x20000004      0x110 Middlewares/ST/STM32_USB_Device_Library/Class/CDC/Src/usbd_cdc.o
                0x20000004                USBD_CDC_CfgFSDesc
                0x20000048                USBD_CDC_CfgHSDesc
                0x2000008c                USBD_CDC_OtherSpeedCfgDesc
                0x200000dc                USBD_CDC
 .data          0x20000114        0x4 Src/cecbridge.o
 .data          0x20000118       0x10 Src/usbd_cdc_if.o
                0x20000118                USBD_Interface_fops_FS
 .data          0x20000128       0x34 Src/usbd_desc.o
                0x20000128                USBD_FS_DeviceDesc
                0x2000013c                USBD_LangIDDesc
                0x20000140                FS_Desc
 *(.data*)
 .data.__ctype_ptr__
                0x2000015c        0x4 /home/gda/Ac6/SystemWorkbench/plugins/fr.ac6.mcu.externaltools.arm-none.linux64_1.7.0.201602291252/tools/compiler/bin/../lib/gcc/arm-none-eabi/5.2.1/../../../../arm-none-eabi/lib/armv6-m/libc_nano.a(lib_a-ctype_.o)
                0x2000015c                __ctype_ptr__
 .data.impure_data
                0x20000160       0x60 /home/gda/Ac6/SystemWorkbench/plugins/fr.ac6.mcu.externaltools.arm-none.linux64_1.7.0.201602291252/tools/compiler/bin/../lib/gcc/arm-none-eabi/5.2.1/../../../../arm-none-eabi/lib/armv6-m/libc_nano.a(lib_a-impure.o)
 .data._impure_ptr
                0x200001c0        0x4 /home/gda/Ac6/SystemWorkbench/plugins/fr.ac6.mcu.externaltools.arm-none.linux64_1.7.0.201602291252/tools/compiler/bin/../lib/gcc/arm-none-eabi/5.2.1/../../../../arm-none-eabi/lib/armv6-m/libc_nano.a(lib_a-impure.o)
                0x200001c0                _impure_ptr
                0x200001c4                . = ALIGN (0x4)
                0x200001c4                _edata = .

.jcr            0x200001c4        0x0 load address 0x08004274
 .jcr           0x200001c4        0x0 /home/gda/Ac6/SystemWorkbench/plugins/fr.ac6.mcu.externaltools.arm-none.linux64_1.7.0.201602291252/tools/compiler/bin/../lib/gcc/arm-none-eabi/5.2.1/armv6-m/crtbegin.o

.tm_clone_table
                0x200001c4        0x0 load address 0x08004274
 .tm_clone_table
                0x200001c4        0x0 /home/gda/Ac6/SystemWorkbench/plugins/fr.ac6.mcu.externaltools.arm-none.linux64_1.7.0.201602291252/tools/compiler/bin/../lib/gcc/arm-none-eabi/5.2.1/armv6-m/crtbegin.o
 .tm_clone_table
                0x200001c4        0x0 /home/gda/Ac6/SystemWorkbench/plugins/fr.ac6.mcu.externaltools.arm-none.linux64_1.7.0.201602291252/tools/compiler/bin/../lib/gcc/arm-none-eabi/5.2.1/armv6-m/crtend.o

.igot.plt       0x200001c4        0x0 load address 0x08004274
 .igot.plt      0x200001c4        0x0 /home/gda/Ac6/SystemWorkbench/plugins/fr.ac6.mcu.externaltools.arm-none.linux64_1.7.0.201602291252/tools/compiler/bin/../lib/gcc/arm-none-eabi/5.2.1/armv6-m/crtbegin.o
                0x200001c4                . = ALIGN (0x4)

.bss            0x200001c4      0xa2c load address 0x08004274
                0x200001c4                _sbss = .
                0x200001c4                __bss_start__ = _sbss
 *(.bss)
 .bss           0x200001c4       0x1c /home/gda/Ac6/SystemWorkbench/plugins/fr.ac6.mcu.externaltools.arm-none.linux64_1.7.0.201602291252/tools/compiler/bin/../lib/gcc/arm-none-eabi/5.2.1/armv6-m/crtbegin.o
 .bss           0x200001e0        0x1 Middlewares/ST/STM32_USB_Device_Library/Class/CDC/Src/usbd_cdc.o
 .bss           0x200001e1        0x1 Middlewares/ST/STM32_USB_Device_Library/Core/Src/usbd_ctlreq.o
 *fill*         0x200001e2        0x2 
 .bss           0x200001e4      0x111 Src/cecbridge.o
                0x2000026c                promiscuousMode
                0x200002f0                ErrorCode
                0x200002f4                rxcmdpos
 *fill*         0x200002f5        0x3 
 .bss           0x200002f8      0x220 Src/usbd_conf.o
 *(.bss*)
 .bss.__malloc_sbrk_start
                0x20000518        0x4 /home/gda/Ac6/SystemWorkbench/plugins/fr.ac6.mcu.externaltools.arm-none.linux64_1.7.0.201602291252/tools/compiler/bin/../lib/gcc/arm-none-eabi/5.2.1/../../../../arm-none-eabi/lib/armv6-m/libc_nano.a(lib_a-nano-mallocr.o)
                0x20000518                __malloc_sbrk_start
 .bss.__malloc_free_list
                0x2000051c        0x4 /home/gda/Ac6/SystemWorkbench/plugins/fr.ac6.mcu.externaltools.arm-none.linux64_1.7.0.201602291252/tools/compiler/bin/../lib/gcc/arm-none-eabi/5.2.1/../../../../arm-none-eabi/lib/armv6-m/libc_nano.a(lib_a-nano-mallocr.o)
                0x2000051c                __malloc_free_list
 .bss.heap_end.4167
                0x20000520        0x4 /home/gda/Ac6/SystemWorkbench/plugins/fr.ac6.mcu.externaltools.arm-none.linux64_1.7.0.201602291252/tools/compiler/bin/../lib/gcc/arm-none-eabi/5.2.1/../../../../arm-none-eabi/lib/armv6-m/libnosys.a(sbrk.o)
 *(COMMON)
 COMMON         0x20000524        0x4 Drivers/STM32F0xx_HAL_Driver/Src/stm32f0xx_hal.o
                0x20000524                uwTick
 COMMON         0x20000528      0x224 Src/usb_device.o
                0x20000528                hUsbDeviceFS
 COMMON         0x2000074c       0x80 Src/usbd_cdc_if.o
                0x2000074c                UserRxBufferFS
                0x2000078c                UserTxBufferFS
 COMMON         0x200007cc      0x220 Src/usbd_conf.o
                0x200007cc                hpcd_USB_FS
 COMMON         0x200009ec      0x200 Src/usbd_desc.o
                0x200009ec                USBD_StrDesc
 COMMON         0x20000bec        0x4 /home/gda/Ac6/SystemWorkbench/plugins/fr.ac6.mcu.externaltools.arm-none.linux64_1.7.0.201602291252/tools/compiler/bin/../lib/gcc/arm-none-eabi/5.2.1/../../../../arm-none-eabi/lib/armv6-m/libc_nano.a(lib_a-reent.o)
                0x20000bec                errno
                0x20000bf0                . = ALIGN (0x4)
                0x20000bf0                _ebss = .
                0x20000bf0                __bss_end__ = _ebss

._user_heap_stack
                0x20000bf0      0x600 load address 0x08004274
                0x20000bf0                . = ALIGN (0x8)
                0x20000bf0                PROVIDE (end, .)
                [!provide]                PROVIDE (_end, .)
                0x20000df0                . = (. + _Min_Heap_Size)
 *fill*         0x20000bf0      0x200 
                0x200011f0                . = (. + _Min_Stack_Size)
 *fill*         0x20000df0      0x400 
                0x200011f0                . = ALIGN (0x8)

/DISCARD/
 libc.a(*)
 libm.a(*)
 libgcc.a(*)

.ARM.attributes
                0x00000000       0x28
 *(.ARM.attributes)
 .ARM.attributes
                0x00000000       0x1e /home/gda/Ac6/SystemWorkbench/plugins/fr.ac6.mcu.externaltools.arm-none.linux64_1.7.0.201602291252/tools/compiler/bin/../lib/gcc/arm-none-eabi/5.2.1/armv6-m/crti.o
 .ARM.attributes
                0x0000001e       0x2c /home/gda/Ac6/SystemWorkbench/plugins/fr.ac6.mcu.externaltools.arm-none.linux64_1.7.0.201602291252/tools/compiler/bin/../lib/gcc/arm-none-eabi/5.2.1/armv6-m/crtbegin.o
 .ARM.attributes
                0x0000004a       0x21 Drivers/CMSIS/Device/ST/STM32F0xx/Source/Templates/gcc/startup_stm32f042x6.o
 .ARM.attributes
                0x0000006b       0x31 Drivers/CMSIS/Device/ST/STM32F0xx/Source/Templates/system_stm32f0xx.o
 .ARM.attributes
                0x0000009c       0x31 Drivers/STM32F0xx_HAL_Driver/Src/stm32f0xx_hal.o
 .ARM.attributes
                0x000000cd       0x31 Drivers/STM32F0xx_HAL_Driver/Src/stm32f0xx_hal_cec.o
 .ARM.attributes
                0x000000fe       0x31 Drivers/STM32F0xx_HAL_Driver/Src/stm32f0xx_hal_cortex.o
 .ARM.attributes
                0x0000012f       0x31 Drivers/STM32F0xx_HAL_Driver/Src/stm32f0xx_hal_gpio.o
 .ARM.attributes
                0x00000160       0x31 Drivers/STM32F0xx_HAL_Driver/Src/stm32f0xx_hal_pcd.o
 .ARM.attributes
                0x00000191       0x31 Drivers/STM32F0xx_HAL_Driver/Src/stm32f0xx_hal_pcd_ex.o
 .ARM.attributes
                0x000001c2       0x31 Drivers/STM32F0xx_HAL_Driver/Src/stm32f0xx_hal_rcc.o
 .ARM.attributes
                0x000001f3       0x31 Drivers/STM32F0xx_HAL_Driver/Src/stm32f0xx_hal_rcc_ex.o
 .ARM.attributes
                0x00000224       0x31 Middlewares/ST/STM32_USB_Device_Library/Class/CDC/Src/usbd_cdc.o
 .ARM.attributes
                0x00000255       0x31 Middlewares/ST/STM32_USB_Device_Library/Core/Src/usbd_core.o
 .ARM.attributes
                0x00000286       0x31 Middlewares/ST/STM32_USB_Device_Library/Core/Src/usbd_ctlreq.o
 .ARM.attributes
                0x000002b7       0x31 Middlewares/ST/STM32_USB_Device_Library/Core/Src/usbd_ioreq.o
 .ARM.attributes
                0x000002e8       0x31 Src/cecbridge.o
 .ARM.attributes
                0x00000319       0x31 Src/stm32f0xx_hal_msp.o
 .ARM.attributes
                0x0000034a       0x31 Src/usb_device.o
 .ARM.attributes
                0x0000037b       0x31 Src/usbd_cdc_if.o
 .ARM.attributes
                0x000003ac       0x31 Src/usbd_conf.o
 .ARM.attributes
                0x000003dd       0x31 Src/usbd_desc.o
 .ARM.attributes
                0x0000040e       0x1e /home/gda/Ac6/SystemWorkbench/plugins/fr.ac6.mcu.externaltools.arm-none.linux64_1.7.0.201602291252/tools/compiler/bin/../lib/gcc/arm-none-eabi/5.2.1/armv6-m/libgcc.a(_thumb1_case_uqi.o)
 .ARM.attributes
                0x0000042c       0x1e /home/gda/Ac6/SystemWorkbench/plugins/fr.ac6.mcu.externaltools.arm-none.linux64_1.7.0.201602291252/tools/compiler/bin/../lib/gcc/arm-none-eabi/5.2.1/armv6-m/libgcc.a(_thumb1_case_uhi.o)
 .ARM.attributes
                0x0000044a       0x1e /home/gda/Ac6/SystemWorkbench/plugins/fr.ac6.mcu.externaltools.arm-none.linux64_1.7.0.201602291252/tools/compiler/bin/../lib/gcc/arm-none-eabi/5.2.1/armv6-m/libgcc.a(_udivsi3.o)
 .ARM.attributes
                0x00000468       0x1e /home/gda/Ac6/SystemWorkbench/plugins/fr.ac6.mcu.externaltools.arm-none.linux64_1.7.0.201602291252/tools/compiler/bin/../lib/gcc/arm-none-eabi/5.2.1/armv6-m/libgcc.a(_divsi3.o)
 .ARM.attributes
                0x00000486       0x1e /home/gda/Ac6/SystemWorkbench/plugins/fr.ac6.mcu.externaltools.arm-none.linux64_1.7.0.201602291252/tools/compiler/bin/../lib/gcc/arm-none-eabi/5.2.1/armv6-m/libgcc.a(_dvmd_tls.o)
 .ARM.attributes
                0x000004a4       0x2c /home/gda/Ac6/SystemWorkbench/plugins/fr.ac6.mcu.externaltools.arm-none.linux64_1.7.0.201602291252/tools/compiler/bin/../lib/gcc/arm-none-eabi/5.2.1/../../../../arm-none-eabi/lib/armv6-m/libc_nano.a(lib_a-asprintf.o)
 .ARM.attributes
                0x000004d0       0x2c /home/gda/Ac6/SystemWorkbench/plugins/fr.ac6.mcu.externaltools.arm-none.linux64_1.7.0.201602291252/tools/compiler/bin/../lib/gcc/arm-none-eabi/5.2.1/../../../../arm-none-eabi/lib/armv6-m/libc_nano.a(lib_a-calloc.o)
 .ARM.attributes
                0x000004fc       0x2c /home/gda/Ac6/SystemWorkbench/plugins/fr.ac6.mcu.externaltools.arm-none.linux64_1.7.0.201602291252/tools/compiler/bin/../lib/gcc/arm-none-eabi/5.2.1/../../../../arm-none-eabi/lib/armv6-m/libc_nano.a(lib_a-ctype_.o)
 .ARM.attributes
                0x00000528       0x2c /home/gda/Ac6/SystemWorkbench/plugins/fr.ac6.mcu.externaltools.arm-none.linux64_1.7.0.201602291252/tools/compiler/bin/../lib/gcc/arm-none-eabi/5.2.1/../../../../arm-none-eabi/lib/armv6-m/libc_nano.a(lib_a-impure.o)
 .ARM.attributes
                0x00000554       0x2c /home/gda/Ac6/SystemWorkbench/plugins/fr.ac6.mcu.externaltools.arm-none.linux64_1.7.0.201602291252/tools/compiler/bin/../lib/gcc/arm-none-eabi/5.2.1/../../../../arm-none-eabi/lib/armv6-m/libc_nano.a(lib_a-init.o)
 .ARM.attributes
                0x00000580       0x2c /home/gda/Ac6/SystemWorkbench/plugins/fr.ac6.mcu.externaltools.arm-none.linux64_1.7.0.201602291252/tools/compiler/bin/../lib/gcc/arm-none-eabi/5.2.1/../../../../arm-none-eabi/lib/armv6-m/libc_nano.a(lib_a-malloc.o)
 .ARM.attributes
                0x000005ac       0x2c /home/gda/Ac6/SystemWorkbench/plugins/fr.ac6.mcu.externaltools.arm-none.linux64_1.7.0.201602291252/tools/compiler/bin/../lib/gcc/arm-none-eabi/5.2.1/../../../../arm-none-eabi/lib/armv6-m/libc_nano.a(lib_a-memcpy-stub.o)
 .ARM.attributes
                0x000005d8       0x2c /home/gda/Ac6/SystemWorkbench/plugins/fr.ac6.mcu.externaltools.arm-none.linux64_1.7.0.201602291252/tools/compiler/bin/../lib/gcc/arm-none-eabi/5.2.1/../../../../arm-none-eabi/lib/armv6-m/libc_nano.a(lib_a-memset.o)
 .ARM.attributes
                0x00000604       0x2c /home/gda/Ac6/SystemWorkbench/plugins/fr.ac6.mcu.externaltools.arm-none.linux64_1.7.0.201602291252/tools/compiler/bin/../lib/gcc/arm-none-eabi/5.2.1/../../../../arm-none-eabi/lib/armv6-m/libc_nano.a(lib_a-nano-callocr.o)
 .ARM.attributes
                0x00000630       0x2c /home/gda/Ac6/SystemWorkbench/plugins/fr.ac6.mcu.externaltools.arm-none.linux64_1.7.0.201602291252/tools/compiler/bin/../lib/gcc/arm-none-eabi/5.2.1/../../../../arm-none-eabi/lib/armv6-m/libc_nano.a(lib_a-nano-freer.o)
 .ARM.attributes
                0x0000065c       0x2c /home/gda/Ac6/SystemWorkbench/plugins/fr.ac6.mcu.externaltools.arm-none.linux64_1.7.0.201602291252/tools/compiler/bin/../lib/gcc/arm-none-eabi/5.2.1/../../../../arm-none-eabi/lib/armv6-m/libc_nano.a(lib_a-nano-mallocr.o)
 .ARM.attributes
                0x00000688       0x2c /home/gda/Ac6/SystemWorkbench/plugins/fr.ac6.mcu.externaltools.arm-none.linux64_1.7.0.201602291252/tools/compiler/bin/../lib/gcc/arm-none-eabi/5.2.1/../../../../arm-none-eabi/lib/armv6-m/libc_nano.a(lib_a-nano-svfprintf.o)
 .ARM.attributes
                0x000006b4       0x2c /home/gda/Ac6/SystemWorkbench/plugins/fr.ac6.mcu.externaltools.arm-none.linux64_1.7.0.201602291252/tools/compiler/bin/../lib/gcc/arm-none-eabi/5.2.1/../../../../arm-none-eabi/lib/armv6-m/libc_nano.a(lib_a-nano-vfprintf_i.o)
 .ARM.attributes
                0x000006e0       0x2c /home/gda/Ac6/SystemWorkbench/plugins/fr.ac6.mcu.externaltools.arm-none.linux64_1.7.0.201602291252/tools/compiler/bin/../lib/gcc/arm-none-eabi/5.2.1/../../../../arm-none-eabi/lib/armv6-m/libc_nano.a(lib_a-sbrkr.o)
 .ARM.attributes
                0x0000070c       0x2c /home/gda/Ac6/SystemWorkbench/plugins/fr.ac6.mcu.externaltools.arm-none.linux64_1.7.0.201602291252/tools/compiler/bin/../lib/gcc/arm-none-eabi/5.2.1/../../../../arm-none-eabi/lib/armv6-m/libc_nano.a(lib_a-sprintf.o)
 .ARM.attributes
                0x00000738       0x2c /home/gda/Ac6/SystemWorkbench/plugins/fr.ac6.mcu.externaltools.arm-none.linux64_1.7.0.201602291252/tools/compiler/bin/../lib/gcc/arm-none-eabi/5.2.1/../../../../arm-none-eabi/lib/armv6-m/libc_nano.a(lib_a-strchr.o)
 .ARM.attributes
                0x00000764       0x1c /home/gda/Ac6/SystemWorkbench/plugins/fr.ac6.mcu.externaltools.arm-none.linux64_1.7.0.201602291252/tools/compiler/bin/../lib/gcc/arm-none-eabi/5.2.1/../../../../arm-none-eabi/lib/armv6-m/libc_nano.a(lib_a-strlen.o)
 .ARM.attributes
                0x00000780       0x2c /home/gda/Ac6/SystemWorkbench/plugins/fr.ac6.mcu.externaltools.arm-none.linux64_1.7.0.201602291252/tools/compiler/bin/../lib/gcc/arm-none-eabi/5.2.1/../../../../arm-none-eabi/lib/armv6-m/libc_nano.a(lib_a-memchr-stub.o)
 .ARM.attributes
                0x000007ac       0x2c /home/gda/Ac6/SystemWorkbench/plugins/fr.ac6.mcu.externaltools.arm-none.linux64_1.7.0.201602291252/tools/compiler/bin/../lib/gcc/arm-none-eabi/5.2.1/../../../../arm-none-eabi/lib/armv6-m/libc_nano.a(lib_a-memmove.o)
 .ARM.attributes
                0x000007d8       0x2c /home/gda/Ac6/SystemWorkbench/plugins/fr.ac6.mcu.externaltools.arm-none.linux64_1.7.0.201602291252/tools/compiler/bin/../lib/gcc/arm-none-eabi/5.2.1/../../../../arm-none-eabi/lib/armv6-m/libc_nano.a(lib_a-nano-reallocr.o)
 .ARM.attributes
                0x00000804       0x2c /home/gda/Ac6/SystemWorkbench/plugins/fr.ac6.mcu.externaltools.arm-none.linux64_1.7.0.201602291252/tools/compiler/bin/../lib/gcc/arm-none-eabi/5.2.1/../../../../arm-none-eabi/lib/armv6-m/libc_nano.a(lib_a-reent.o)
 .ARM.attributes
                0x00000830       0x2c /home/gda/Ac6/SystemWorkbench/plugins/fr.ac6.mcu.externaltools.arm-none.linux64_1.7.0.201602291252/tools/compiler/bin/../lib/gcc/arm-none-eabi/5.2.1/../../../../arm-none-eabi/lib/armv6-m/libc_nano.a(lib_a-nano-msizer.o)
 .ARM.attributes
                0x0000085c       0x2c /home/gda/Ac6/SystemWorkbench/plugins/fr.ac6.mcu.externaltools.arm-none.linux64_1.7.0.201602291252/tools/compiler/bin/../lib/gcc/arm-none-eabi/5.2.1/../../../../arm-none-eabi/lib/armv6-m/libnosys.a(sbrk.o)
 .ARM.attributes
                0x00000888       0x2c /home/gda/Ac6/SystemWorkbench/plugins/fr.ac6.mcu.externaltools.arm-none.linux64_1.7.0.201602291252/tools/compiler/bin/../lib/gcc/arm-none-eabi/5.2.1/armv6-m/crtend.o
 .ARM.attributes
                0x000008b4       0x1e /home/gda/Ac6/SystemWorkbench/plugins/fr.ac6.mcu.externaltools.arm-none.linux64_1.7.0.201602291252/tools/compiler/bin/../lib/gcc/arm-none-eabi/5.2.1/armv6-m/crtn.o
OUTPUT(CECbridge.elf elf32-littlearm)

.debug_line     0x00000000     0xb604
 .debug_line    0x00000000       0xc4 Drivers/CMSIS/Device/ST/STM32F0xx/Source/Templates/gcc/startup_stm32f042x6.o
 .debug_line    0x000000c4      0x7d6 Drivers/CMSIS/Device/ST/STM32F0xx/Source/Templates/system_stm32f0xx.o
 .debug_line    0x0000089a      0x8b3 Drivers/STM32F0xx_HAL_Driver/Src/stm32f0xx_hal.o
 .debug_line    0x0000114d      0xaef Drivers/STM32F0xx_HAL_Driver/Src/stm32f0xx_hal_cec.o
 .debug_line    0x00001c3c      0x902 Drivers/STM32F0xx_HAL_Driver/Src/stm32f0xx_hal_cortex.o
 .debug_line    0x0000253e      0x8eb Drivers/STM32F0xx_HAL_Driver/Src/stm32f0xx_hal_gpio.o
 .debug_line    0x00002e29      0xd11 Drivers/STM32F0xx_HAL_Driver/Src/stm32f0xx_hal_pcd.o
 .debug_line    0x00003b3a      0x78c Drivers/STM32F0xx_HAL_Driver/Src/stm32f0xx_hal_pcd_ex.o
 .debug_line    0x000042c6      0xabb Drivers/STM32F0xx_HAL_Driver/Src/stm32f0xx_hal_rcc.o
 .debug_line    0x00004d81      0x9c4 Drivers/STM32F0xx_HAL_Driver/Src/stm32f0xx_hal_rcc_ex.o
 .debug_line    0x00005745      0xa77 Middlewares/ST/STM32_USB_Device_Library/Class/CDC/Src/usbd_cdc.o
 .debug_line    0x000061bc      0xa29 Middlewares/ST/STM32_USB_Device_Library/Core/Src/usbd_core.o
 .debug_line    0x00006be5      0x999 Middlewares/ST/STM32_USB_Device_Library/Core/Src/usbd_ctlreq.o
 .debug_line    0x0000757e      0x8e6 Middlewares/ST/STM32_USB_Device_Library/Core/Src/usbd_ioreq.o
 .debug_line    0x00007e64      0xa2d Src/cecbridge.o
 .debug_line    0x00008891      0x7ba Src/stm32f0xx_hal_msp.o
 .debug_line    0x0000904b      0x8d1 Src/usb_device.o
 .debug_line    0x0000991c      0x906 Src/usbd_cdc_if.o
 .debug_line    0x0000a222      0xb22 Src/usbd_conf.o
 .debug_line    0x0000ad44      0x8c0 Src/usbd_desc.o

.debug_info     0x00000000     0xb29a
 .debug_info    0x00000000       0x9e Drivers/CMSIS/Device/ST/STM32F0xx/Source/Templates/gcc/startup_stm32f042x6.o
 .debug_info    0x0000009e      0x246 Drivers/CMSIS/Device/ST/STM32F0xx/Source/Templates/system_stm32f0xx.o
 .debug_info    0x000002e4      0x59c Drivers/STM32F0xx_HAL_Driver/Src/stm32f0xx_hal.o
 .debug_info    0x00000880      0x77c Drivers/STM32F0xx_HAL_Driver/Src/stm32f0xx_hal_cec.o
 .debug_info    0x00000ffc      0x7a5 Drivers/STM32F0xx_HAL_Driver/Src/stm32f0xx_hal_cortex.o
 .debug_info    0x000017a1      0x5ec Drivers/STM32F0xx_HAL_Driver/Src/stm32f0xx_hal_gpio.o
 .debug_info    0x00001d8d     0x11bd Drivers/STM32F0xx_HAL_Driver/Src/stm32f0xx_hal_pcd.o
 .debug_info    0x00002f4a      0x556 Drivers/STM32F0xx_HAL_Driver/Src/stm32f0xx_hal_pcd_ex.o
 .debug_info    0x000034a0      0x9d3 Drivers/STM32F0xx_HAL_Driver/Src/stm32f0xx_hal_rcc.o
 .debug_info    0x00003e73      0x652 Drivers/STM32F0xx_HAL_Driver/Src/stm32f0xx_hal_rcc_ex.o
 .debug_info    0x000044c5      0xc8b Middlewares/ST/STM32_USB_Device_Library/Class/CDC/Src/usbd_cdc.o
 .debug_info    0x00005150      0xbd4 Middlewares/ST/STM32_USB_Device_Library/Core/Src/usbd_core.o
 .debug_info    0x00005d24      0xbc5 Middlewares/ST/STM32_USB_Device_Library/Core/Src/usbd_ctlreq.o
 .debug_info    0x000068e9      0x73e Middlewares/ST/STM32_USB_Device_Library/Core/Src/usbd_ioreq.o
 .debug_info    0x00007027     0x138d Src/cecbridge.o
 .debug_info    0x000083b4      0x6e6 Src/stm32f0xx_hal_msp.o
 .debug_info    0x00008a9a      0x5ef Src/usb_device.o
 .debug_info    0x00009089      0x81e Src/usbd_cdc_if.o
 .debug_info    0x000098a7     0x1538 Src/usbd_conf.o
 .debug_info    0x0000addf      0x4bb Src/usbd_desc.o

.debug_abbrev   0x00000000     0x268c
 .debug_abbrev  0x00000000       0x12 Drivers/CMSIS/Device/ST/STM32F0xx/Source/Templates/gcc/startup_stm32f042x6.o
 .debug_abbrev  0x00000012       0xf3 Drivers/CMSIS/Device/ST/STM32F0xx/Source/Templates/system_stm32f0xx.o
 .debug_abbrev  0x00000105      0x1de Drivers/STM32F0xx_HAL_Driver/Src/stm32f0xx_hal.o
 .debug_abbrev  0x000002e3      0x202 Drivers/STM32F0xx_HAL_Driver/Src/stm32f0xx_hal_cec.o
 .debug_abbrev  0x000004e5      0x276 Drivers/STM32F0xx_HAL_Driver/Src/stm32f0xx_hal_cortex.o
 .debug_abbrev  0x0000075b      0x1e1 Drivers/STM32F0xx_HAL_Driver/Src/stm32f0xx_hal_gpio.o
 .debug_abbrev  0x0000093c      0x316 Drivers/STM32F0xx_HAL_Driver/Src/stm32f0xx_hal_pcd.o
 .debug_abbrev  0x00000c52      0x134 Drivers/STM32F0xx_HAL_Driver/Src/stm32f0xx_hal_pcd_ex.o
 .debug_abbrev  0x00000d86      0x254 Drivers/STM32F0xx_HAL_Driver/Src/stm32f0xx_hal_rcc.o
 .debug_abbrev  0x00000fda      0x1dd Drivers/STM32F0xx_HAL_Driver/Src/stm32f0xx_hal_rcc_ex.o
 .debug_abbrev  0x000011b7      0x239 Middlewares/ST/STM32_USB_Device_Library/Class/CDC/Src/usbd_cdc.o
 .debug_abbrev  0x000013f0      0x277 Middlewares/ST/STM32_USB_Device_Library/Core/Src/usbd_core.o
 .debug_abbrev  0x00001667      0x28f Middlewares/ST/STM32_USB_Device_Library/Core/Src/usbd_ctlreq.o
 .debug_abbrev  0x000018f6      0x140 Middlewares/ST/STM32_USB_Device_Library/Core/Src/usbd_ioreq.o
 .debug_abbrev  0x00001a36      0x38e Src/cecbridge.o
 .debug_abbrev  0x00001dc4      0x167 Src/stm32f0xx_hal_msp.o
 .debug_abbrev  0x00001f2b      0x158 Src/usb_device.o
 .debug_abbrev  0x00002083      0x1f6 Src/usbd_cdc_if.o
 .debug_abbrev  0x00002279      0x28d Src/usbd_conf.o
 .debug_abbrev  0x00002506      0x186 Src/usbd_desc.o

.debug_aranges  0x00000000      0x858
 .debug_aranges
                0x00000000       0x28 Drivers/CMSIS/Device/ST/STM32F0xx/Source/Templates/gcc/startup_stm32f042x6.o
 .debug_aranges
                0x00000028       0x28 Drivers/CMSIS/Device/ST/STM32F0xx/Source/Templates/system_stm32f0xx.o
 .debug_aranges
                0x00000050       0x98 Drivers/STM32F0xx_HAL_Driver/Src/stm32f0xx_hal.o
 .debug_aranges
                0x000000e8       0x80 Drivers/STM32F0xx_HAL_Driver/Src/stm32f0xx_hal_cec.o
 .debug_aranges
                0x00000168       0x78 Drivers/STM32F0xx_HAL_Driver/Src/stm32f0xx_hal_cortex.o
 .debug_aranges
                0x000001e0       0x58 Drivers/STM32F0xx_HAL_Driver/Src/stm32f0xx_hal_gpio.o
 .debug_aranges
                0x00000238       0xd0 Drivers/STM32F0xx_HAL_Driver/Src/stm32f0xx_hal_pcd.o
 .debug_aranges
                0x00000308       0x20 Drivers/STM32F0xx_HAL_Driver/Src/stm32f0xx_hal_pcd_ex.o
 .debug_aranges
                0x00000328       0x80 Drivers/STM32F0xx_HAL_Driver/Src/stm32f0xx_hal_rcc.o
 .debug_aranges
                0x000003a8       0x68 Drivers/STM32F0xx_HAL_Driver/Src/stm32f0xx_hal_rcc_ex.o
 .debug_aranges
                0x00000410       0x90 Middlewares/ST/STM32_USB_Device_Library/Class/CDC/Src/usbd_cdc.o
 .debug_aranges
                0x000004a0       0xa8 Middlewares/ST/STM32_USB_Device_Library/Core/Src/usbd_core.o
 .debug_aranges
                0x00000548       0x48 Middlewares/ST/STM32_USB_Device_Library/Core/Src/usbd_ctlreq.o
 .debug_aranges
                0x00000590       0x50 Middlewares/ST/STM32_USB_Device_Library/Core/Src/usbd_ioreq.o
 .debug_aranges
                0x000005e0       0x88 Src/cecbridge.o
 .debug_aranges
                0x00000668       0x30 Src/stm32f0xx_hal_msp.o
 .debug_aranges
                0x00000698       0x20 Src/usb_device.o
 .debug_aranges
                0x000006b8       0x40 Src/usbd_cdc_if.o
 .debug_aranges
                0x000006f8      0x110 Src/usbd_conf.o
 .debug_aranges
                0x00000808       0x50 Src/usbd_desc.o

.debug_ranges   0x00000000      0x9a8
 .debug_ranges  0x00000000       0x20 Drivers/CMSIS/Device/ST/STM32F0xx/Source/Templates/gcc/startup_stm32f042x6.o
 .debug_ranges  0x00000020       0x18 Drivers/CMSIS/Device/ST/STM32F0xx/Source/Templates/system_stm32f0xx.o
 .debug_ranges  0x00000038       0x88 Drivers/STM32F0xx_HAL_Driver/Src/stm32f0xx_hal.o
 .debug_ranges  0x000000c0       0x70 Drivers/STM32F0xx_HAL_Driver/Src/stm32f0xx_hal_cec.o
 .debug_ranges  0x00000130       0xe8 Drivers/STM32F0xx_HAL_Driver/Src/stm32f0xx_hal_cortex.o
 .debug_ranges  0x00000218       0x78 Drivers/STM32F0xx_HAL_Driver/Src/stm32f0xx_hal_gpio.o
 .debug_ranges  0x00000290      0x138 Drivers/STM32F0xx_HAL_Driver/Src/stm32f0xx_hal_pcd.o
 .debug_ranges  0x000003c8       0x10 Drivers/STM32F0xx_HAL_Driver/Src/stm32f0xx_hal_pcd_ex.o
 .debug_ranges  0x000003d8       0xb0 Drivers/STM32F0xx_HAL_Driver/Src/stm32f0xx_hal_rcc.o
 .debug_ranges  0x00000488       0x58 Drivers/STM32F0xx_HAL_Driver/Src/stm32f0xx_hal_rcc_ex.o
 .debug_ranges  0x000004e0       0x80 Middlewares/ST/STM32_USB_Device_Library/Class/CDC/Src/usbd_cdc.o
 .debug_ranges  0x00000560       0x98 Middlewares/ST/STM32_USB_Device_Library/Core/Src/usbd_core.o
 .debug_ranges  0x000005f8       0x38 Middlewares/ST/STM32_USB_Device_Library/Core/Src/usbd_ctlreq.o
 .debug_ranges  0x00000630       0x40 Middlewares/ST/STM32_USB_Device_Library/Core/Src/usbd_ioreq.o
 .debug_ranges  0x00000670       0xb0 Src/cecbridge.o
 .debug_ranges  0x00000720       0x80 Src/stm32f0xx_hal_msp.o
 .debug_ranges  0x000007a0       0x10 Src/usb_device.o
 .debug_ranges  0x000007b0       0x30 Src/usbd_cdc_if.o
 .debug_ranges  0x000007e0      0x128 Src/usbd_conf.o
 .debug_ranges  0x00000908       0xa0 Src/usbd_desc.o

.debug_loc      0x00000000     0x4abf
 .debug_loc     0x00000000       0xe1 Drivers/CMSIS/Device/ST/STM32F0xx/Source/Templates/system_stm32f0xx.o
 .debug_loc     0x000000e1       0x6a Drivers/STM32F0xx_HAL_Driver/Src/stm32f0xx_hal.o
 .debug_loc     0x0000014b      0x735 Drivers/STM32F0xx_HAL_Driver/Src/stm32f0xx_hal_cec.o
 .debug_loc     0x00000880      0x3da Drivers/STM32F0xx_HAL_Driver/Src/stm32f0xx_hal_cortex.o
 .debug_loc     0x00000c5a      0x2b9 Drivers/STM32F0xx_HAL_Driver/Src/stm32f0xx_hal_gpio.o
 .debug_loc     0x00000f13     0x10e0 Drivers/STM32F0xx_HAL_Driver/Src/stm32f0xx_hal_pcd.o
 .debug_loc     0x00001ff3       0x9d Drivers/STM32F0xx_HAL_Driver/Src/stm32f0xx_hal_pcd_ex.o
 .debug_loc     0x00002090      0x48a Drivers/STM32F0xx_HAL_Driver/Src/stm32f0xx_hal_rcc.o
 .debug_loc     0x0000251a      0x4e2 Drivers/STM32F0xx_HAL_Driver/Src/stm32f0xx_hal_rcc_ex.o
 .debug_loc     0x000029fc      0x4ac Middlewares/ST/STM32_USB_Device_Library/Class/CDC/Src/usbd_cdc.o
 .debug_loc     0x00002ea8      0x56d Middlewares/ST/STM32_USB_Device_Library/Core/Src/usbd_core.o
 .debug_loc     0x00003415      0x5b3 Middlewares/ST/STM32_USB_Device_Library/Core/Src/usbd_ctlreq.o
 .debug_loc     0x000039c8      0x23c Middlewares/ST/STM32_USB_Device_Library/Core/Src/usbd_ioreq.o
 .debug_loc     0x00003c04      0x41f Src/cecbridge.o
 .debug_loc     0x00004023       0x42 Src/stm32f0xx_hal_msp.o
 .debug_loc     0x00004065      0x105 Src/usbd_cdc_if.o
 .debug_loc     0x0000416a      0x6e2 Src/usbd_conf.o
 .debug_loc     0x0000484c      0x273 Src/usbd_desc.o

.debug_macro    0x00000000    0x1a02d
 .debug_macro   0x00000000      0x2c5 Drivers/CMSIS/Device/ST/STM32F0xx/Source/Templates/system_stm32f0xx.o
 .debug_macro   0x000002c5      0x838 Drivers/CMSIS/Device/ST/STM32F0xx/Source/Templates/system_stm32f0xx.o
 .debug_macro   0x00000afd       0x2e Drivers/CMSIS/Device/ST/STM32F0xx/Source/Templates/system_stm32f0xx.o
 .debug_macro   0x00000b2b       0x22 Drivers/CMSIS/Device/ST/STM32F0xx/Source/Templates/system_stm32f0xx.o
 .debug_macro   0x00000b4d       0x22 Drivers/CMSIS/Device/ST/STM32F0xx/Source/Templates/system_stm32f0xx.o
 .debug_macro   0x00000b6f       0x44 Drivers/CMSIS/Device/ST/STM32F0xx/Source/Templates/system_stm32f0xx.o
 .debug_macro   0x00000bb3       0xfd Drivers/CMSIS/Device/ST/STM32F0xx/Source/Templates/system_stm32f0xx.o
 .debug_macro   0x00000cb0       0x22 Drivers/CMSIS/Device/ST/STM32F0xx/Source/Templates/system_stm32f0xx.o
 .debug_macro   0x00000cd2      0x1df Drivers/CMSIS/Device/ST/STM32F0xx/Source/Templates/system_stm32f0xx.o
 .debug_macro   0x00000eb1       0x34 Drivers/CMSIS/Device/ST/STM32F0xx/Source/Templates/system_stm32f0xx.o
 .debug_macro   0x00000ee5       0x26 Drivers/CMSIS/Device/ST/STM32F0xx/Source/Templates/system_stm32f0xx.o
 .debug_macro   0x00000f0b      0x30d Drivers/CMSIS/Device/ST/STM32F0xx/Source/Templates/system_stm32f0xx.o
 .debug_macro   0x00001218     0xf081 Drivers/CMSIS/Device/ST/STM32F0xx/Source/Templates/system_stm32f0xx.o
 .debug_macro   0x00010299       0x3c Drivers/CMSIS/Device/ST/STM32F0xx/Source/Templates/system_stm32f0xx.o
 .debug_macro   0x000102d5       0xaa Drivers/CMSIS/Device/ST/STM32F0xx/Source/Templates/system_stm32f0xx.o
 .debug_macro   0x0001037f     0x3398 Drivers/CMSIS/Device/ST/STM32F0xx/Source/Templates/system_stm32f0xx.o
 .debug_macro   0x00013717       0x58 Drivers/CMSIS/Device/ST/STM32F0xx/Source/Templates/system_stm32f0xx.o
 .debug_macro   0x0001376f       0x35 Drivers/CMSIS/Device/ST/STM32F0xx/Source/Templates/system_stm32f0xx.o
 .debug_macro   0x000137a4       0x9c Drivers/CMSIS/Device/ST/STM32F0xx/Source/Templates/system_stm32f0xx.o
 .debug_macro   0x00013840       0x16 Drivers/CMSIS/Device/ST/STM32F0xx/Source/Templates/system_stm32f0xx.o
 .debug_macro   0x00013856       0x97 Drivers/CMSIS/Device/ST/STM32F0xx/Source/Templates/system_stm32f0xx.o
 .debug_macro   0x000138ed      0x329 Drivers/CMSIS/Device/ST/STM32F0xx/Source/Templates/system_stm32f0xx.o
 .debug_macro   0x00013c16       0xfd Drivers/CMSIS/Device/ST/STM32F0xx/Source/Templates/system_stm32f0xx.o
 .debug_macro   0x00013d13       0x10 Drivers/CMSIS/Device/ST/STM32F0xx/Source/Templates/system_stm32f0xx.o
 .debug_macro   0x00013d23       0x52 Drivers/CMSIS/Device/ST/STM32F0xx/Source/Templates/system_stm32f0xx.o
 .debug_macro   0x00013d75       0x16 Drivers/CMSIS/Device/ST/STM32F0xx/Source/Templates/system_stm32f0xx.o
 .debug_macro   0x00013d8b       0x43 Drivers/CMSIS/Device/ST/STM32F0xx/Source/Templates/system_stm32f0xx.o
 .debug_macro   0x00013dce      0x187 Drivers/CMSIS/Device/ST/STM32F0xx/Source/Templates/system_stm32f0xx.o
 .debug_macro   0x00013f55       0x10 Drivers/CMSIS/Device/ST/STM32F0xx/Source/Templates/system_stm32f0xx.o
 .debug_macro   0x00013f65       0x22 Drivers/CMSIS/Device/ST/STM32F0xx/Source/Templates/system_stm32f0xx.o
 .debug_macro   0x00013f87       0x3a Drivers/CMSIS/Device/ST/STM32F0xx/Source/Templates/system_stm32f0xx.o
 .debug_macro   0x00013fc1       0x10 Drivers/CMSIS/Device/ST/STM32F0xx/Source/Templates/system_stm32f0xx.o
 .debug_macro   0x00013fd1       0x40 Drivers/CMSIS/Device/ST/STM32F0xx/Source/Templates/system_stm32f0xx.o
 .debug_macro   0x00014011       0x65 Drivers/CMSIS/Device/ST/STM32F0xx/Source/Templates/system_stm32f0xx.o
 .debug_macro   0x00014076       0x16 Drivers/CMSIS/Device/ST/STM32F0xx/Source/Templates/system_stm32f0xx.o
 .debug_macro   0x0001408c      0x197 Drivers/CMSIS/Device/ST/STM32F0xx/Source/Templates/system_stm32f0xx.o
 .debug_macro   0x00014223       0x49 Drivers/CMSIS/Device/ST/STM32F0xx/Source/Templates/system_stm32f0xx.o
 .debug_macro   0x0001426c      0x953 Drivers/CMSIS/Device/ST/STM32F0xx/Source/Templates/system_stm32f0xx.o
 .debug_macro   0x00014bbf      0x46b Drivers/CMSIS/Device/ST/STM32F0xx/Source/Templates/system_stm32f0xx.o
 .debug_macro   0x0001502a      0x13a Drivers/CMSIS/Device/ST/STM32F0xx/Source/Templates/system_stm32f0xx.o
 .debug_macro   0x00015164      0x130 Drivers/CMSIS/Device/ST/STM32F0xx/Source/Templates/system_stm32f0xx.o
 .debug_macro   0x00015294      0x1e6 Drivers/CMSIS/Device/ST/STM32F0xx/Source/Templates/system_stm32f0xx.o
 .debug_macro   0x0001547a       0x34 Drivers/CMSIS/Device/ST/STM32F0xx/Source/Templates/system_stm32f0xx.o
 .debug_macro   0x000154ae       0x43 Drivers/CMSIS/Device/ST/STM32F0xx/Source/Templates/system_stm32f0xx.o
 .debug_macro   0x000154f1       0x29 Drivers/CMSIS/Device/ST/STM32F0xx/Source/Templates/system_stm32f0xx.o
 .debug_macro   0x0001551a      0x272 Drivers/CMSIS/Device/ST/STM32F0xx/Source/Templates/system_stm32f0xx.o
 .debug_macro   0x0001578c       0xb6 Drivers/CMSIS/Device/ST/STM32F0xx/Source/Templates/system_stm32f0xx.o
 .debug_macro   0x00015842      0x182 Drivers/CMSIS/Device/ST/STM32F0xx/Source/Templates/system_stm32f0xx.o
 .debug_macro   0x000159c4      0x202 Drivers/CMSIS/Device/ST/STM32F0xx/Source/Templates/system_stm32f0xx.o
 .debug_macro   0x00015bc6       0x5b Drivers/CMSIS/Device/ST/STM32F0xx/Source/Templates/system_stm32f0xx.o
 .debug_macro   0x00015c21       0x90 Drivers/CMSIS/Device/ST/STM32F0xx/Source/Templates/system_stm32f0xx.o
 .debug_macro   0x00015cb1      0x265 Drivers/CMSIS/Device/ST/STM32F0xx/Source/Templates/system_stm32f0xx.o
 .debug_macro   0x00015f16       0x4d Drivers/CMSIS/Device/ST/STM32F0xx/Source/Templates/system_stm32f0xx.o
 .debug_macro   0x00015f63      0x161 Drivers/CMSIS/Device/ST/STM32F0xx/Source/Templates/system_stm32f0xx.o
 .debug_macro   0x000160c4      0x127 Drivers/CMSIS/Device/ST/STM32F0xx/Source/Templates/system_stm32f0xx.o
 .debug_macro   0x000161eb      0x2e9 Drivers/STM32F0xx_HAL_Driver/Src/stm32f0xx_hal.o
 .debug_macro   0x000164d4      0x2cb Drivers/STM32F0xx_HAL_Driver/Src/stm32f0xx_hal_cec.o
 .debug_macro   0x0001679f      0x2c5 Drivers/STM32F0xx_HAL_Driver/Src/stm32f0xx_hal_cortex.o
 .debug_macro   0x00016a64      0x2fe Drivers/STM32F0xx_HAL_Driver/Src/stm32f0xx_hal_gpio.o
 .debug_macro   0x00016d62      0x2cb Drivers/STM32F0xx_HAL_Driver/Src/stm32f0xx_hal_pcd.o
 .debug_macro   0x0001702d      0x2c5 Drivers/STM32F0xx_HAL_Driver/Src/stm32f0xx_hal_pcd_ex.o
 .debug_macro   0x000172f2      0x2d7 Drivers/STM32F0xx_HAL_Driver/Src/stm32f0xx_hal_rcc.o
 .debug_macro   0x000175c9      0x2d7 Drivers/STM32F0xx_HAL_Driver/Src/stm32f0xx_hal_rcc_ex.o
 .debug_macro   0x000178a0      0x371 Middlewares/ST/STM32_USB_Device_Library/Class/CDC/Src/usbd_cdc.o
 .debug_macro   0x00017c11       0x4a Middlewares/ST/STM32_USB_Device_Library/Class/CDC/Src/usbd_cdc.o
 .debug_macro   0x00017c5b       0x16 Middlewares/ST/STM32_USB_Device_Library/Class/CDC/Src/usbd_cdc.o
 .debug_macro   0x00017c71       0x35 Middlewares/ST/STM32_USB_Device_Library/Class/CDC/Src/usbd_cdc.o
 .debug_macro   0x00017ca6       0x16 Middlewares/ST/STM32_USB_Device_Library/Class/CDC/Src/usbd_cdc.o
 .debug_macro   0x00017cbc       0x29 Middlewares/ST/STM32_USB_Device_Library/Class/CDC/Src/usbd_cdc.o
 .debug_macro   0x00017ce5       0x16 Middlewares/ST/STM32_USB_Device_Library/Class/CDC/Src/usbd_cdc.o
 .debug_macro   0x00017cfb       0x6b Middlewares/ST/STM32_USB_Device_Library/Class/CDC/Src/usbd_cdc.o
 .debug_macro   0x00017d66      0x1c3 Middlewares/ST/STM32_USB_Device_Library/Class/CDC/Src/usbd_cdc.o
 .debug_macro   0x00017f29       0x83 Middlewares/ST/STM32_USB_Device_Library/Class/CDC/Src/usbd_cdc.o
 .debug_macro   0x00017fac      0x358 Middlewares/ST/STM32_USB_Device_Library/Core/Src/usbd_core.o
 .debug_macro   0x00018304      0x358 Middlewares/ST/STM32_USB_Device_Library/Core/Src/usbd_ctlreq.o
 .debug_macro   0x0001865c      0x354 Middlewares/ST/STM32_USB_Device_Library/Core/Src/usbd_ioreq.o
 .debug_macro   0x000189b0      0x367 Src/cecbridge.o
 .debug_macro   0x00018d17       0xa6 Src/cecbridge.o
 .debug_macro   0x00018dbd      0x174 Src/cecbridge.o
 .debug_macro   0x00018f31       0x10 Src/cecbridge.o
 .debug_macro   0x00018f41       0x1c Src/cecbridge.o
 .debug_macro   0x00018f5d      0x2c5 Src/stm32f0xx_hal_msp.o
 .debug_macro   0x00019222      0x38f Src/usb_device.o
 .debug_macro   0x000195b1      0x379 Src/usbd_cdc_if.o
 .debug_macro   0x0001992a      0x371 Src/usbd_conf.o
 .debug_macro   0x00019c9b      0x392 Src/usbd_desc.o

.debug_str      0x00000000    0x861ab
 .debug_str     0x00000000    0x8261d Drivers/CMSIS/Device/ST/STM32F0xx/Source/Templates/system_stm32f0xx.o
                              0x828ad (size before relaxing)
 .debug_str     0x0008261d      0x44a Drivers/STM32F0xx_HAL_Driver/Src/stm32f0xx_hal.o
                              0x82d33 (size before relaxing)
 .debug_str     0x00082a67      0x3ec Drivers/STM32F0xx_HAL_Driver/Src/stm32f0xx_hal_cec.o
                              0x82c27 (size before relaxing)
 .debug_str     0x00082e53      0x1dc Drivers/STM32F0xx_HAL_Driver/Src/stm32f0xx_hal_cortex.o
                              0x82c13 (size before relaxing)
 .debug_str     0x0008302f      0x2c4 Drivers/STM32F0xx_HAL_Driver/Src/stm32f0xx_hal_gpio.o
                              0x82b2f (size before relaxing)
 .debug_str     0x000832f3      0x4fd Drivers/STM32F0xx_HAL_Driver/Src/stm32f0xx_hal_pcd.o
                              0x82dc2 (size before relaxing)
 .debug_str     0x000837f0       0x57 Drivers/STM32F0xx_HAL_Driver/Src/stm32f0xx_hal_pcd_ex.o
                              0x82b25 (size before relaxing)
 .debug_str     0x00083847      0x336 Drivers/STM32F0xx_HAL_Driver/Src/stm32f0xx_hal_rcc.o
                              0x82ca2 (size before relaxing)
 .debug_str     0x00083b7d      0x352 Drivers/STM32F0xx_HAL_Driver/Src/stm32f0xx_hal_rcc_ex.o
                              0x82c31 (size before relaxing)
 .debug_str     0x00083ecf     0x12e5 Middlewares/ST/STM32_USB_Device_Library/Class/CDC/Src/usbd_cdc.o
                              0x83b93 (size before relaxing)
 .debug_str     0x000851b4      0x283 Middlewares/ST/STM32_USB_Device_Library/Core/Src/usbd_core.o
                              0x83844 (size before relaxing)
 .debug_str     0x00085437      0x12e Middlewares/ST/STM32_USB_Device_Library/Core/Src/usbd_ctlreq.o
                              0x83776 (size before relaxing)
 .debug_str     0x00085565       0x51 Middlewares/ST/STM32_USB_Device_Library/Core/Src/usbd_ioreq.o
                              0x836a3 (size before relaxing)
 .debug_str     0x000855b6      0x701 Src/cecbridge.o
                              0x84287 (size before relaxing)
 .debug_str     0x00085cb7       0x59 Src/stm32f0xx_hal_msp.o
                              0x82cce (size before relaxing)
 .debug_str     0x00085d10       0x51 Src/usb_device.o
                              0x8390e (size before relaxing)
 .debug_str     0x00085d61       0x93 Src/usbd_cdc_if.o
                              0x83a15 (size before relaxing)
 .debug_str     0x00085df4      0x196 Src/usbd_conf.o
                              0x84277 (size before relaxing)
 .debug_str     0x00085f8a      0x221 Src/usbd_desc.o
                              0x83528 (size before relaxing)

.comment        0x00000000       0x6e
 .comment       0x00000000       0x6e Drivers/CMSIS/Device/ST/STM32F0xx/Source/Templates/system_stm32f0xx.o
                                 0x6f (size before relaxing)
 .comment       0x0000006e       0x6f Drivers/STM32F0xx_HAL_Driver/Src/stm32f0xx_hal.o
 .comment       0x0000006e       0x6f Drivers/STM32F0xx_HAL_Driver/Src/stm32f0xx_hal_cec.o
 .comment       0x0000006e       0x6f Drivers/STM32F0xx_HAL_Driver/Src/stm32f0xx_hal_cortex.o
 .comment       0x0000006e       0x6f Drivers/STM32F0xx_HAL_Driver/Src/stm32f0xx_hal_gpio.o
 .comment       0x0000006e       0x6f Drivers/STM32F0xx_HAL_Driver/Src/stm32f0xx_hal_pcd.o
 .comment       0x0000006e       0x6f Drivers/STM32F0xx_HAL_Driver/Src/stm32f0xx_hal_pcd_ex.o
 .comment       0x0000006e       0x6f Drivers/STM32F0xx_HAL_Driver/Src/stm32f0xx_hal_rcc.o
 .comment       0x0000006e       0x6f Drivers/STM32F0xx_HAL_Driver/Src/stm32f0xx_hal_rcc_ex.o
 .comment       0x0000006e       0x6f Middlewares/ST/STM32_USB_Device_Library/Class/CDC/Src/usbd_cdc.o
 .comment       0x0000006e       0x6f Middlewares/ST/STM32_USB_Device_Library/Core/Src/usbd_core.o
 .comment       0x0000006e       0x6f Middlewares/ST/STM32_USB_Device_Library/Core/Src/usbd_ctlreq.o
 .comment       0x0000006e       0x6f Middlewares/ST/STM32_USB_Device_Library/Core/Src/usbd_ioreq.o
 .comment       0x0000006e       0x6f Src/cecbridge.o
 .comment       0x0000006e       0x6f Src/stm32f0xx_hal_msp.o
 .comment       0x0000006e       0x6f Src/usb_device.o
 .comment       0x0000006e       0x6f Src/usbd_cdc_if.o
 .comment       0x0000006e       0x6f Src/usbd_conf.o
 .comment       0x0000006e       0x6f Src/usbd_desc.o

.debug_frame    0x00000000     0x1910
 .debug_frame   0x00000000       0x3c Drivers/CMSIS/Device/ST/STM32F0xx/Source/Templates/system_stm32f0xx.o
 .debug_frame   0x0000003c      0x144 Drivers/STM32F0xx_HAL_Driver/Src/stm32f0xx_hal.o
 .debug_frame   0x00000180      0x1a0 Drivers/STM32F0xx_HAL_Driver/Src/stm32f0xx_hal_cec.o
 .debug_frame   0x00000320       0xe4 Drivers/STM32F0xx_HAL_Driver/Src/stm32f0xx_hal_cortex.o
 .debug_frame   0x00000404       0xc0 Drivers/STM32F0xx_HAL_Driver/Src/stm32f0xx_hal_gpio.o
 .debug_frame   0x000004c4      0x2e4 Drivers/STM32F0xx_HAL_Driver/Src/stm32f0xx_hal_pcd.o
 .debug_frame   0x000007a8       0x2c Drivers/STM32F0xx_HAL_Driver/Src/stm32f0xx_hal_pcd_ex.o
 .debug_frame   0x000007d4      0x130 Drivers/STM32F0xx_HAL_Driver/Src/stm32f0xx_hal_rcc.o
 .debug_frame   0x00000904      0x104 Drivers/STM32F0xx_HAL_Driver/Src/stm32f0xx_hal_rcc_ex.o
 .debug_frame   0x00000a08      0x150 Middlewares/ST/STM32_USB_Device_Library/Class/CDC/Src/usbd_cdc.o
 .debug_frame   0x00000b58      0x1c4 Middlewares/ST/STM32_USB_Device_Library/Core/Src/usbd_core.o
 .debug_frame   0x00000d1c       0xb0 Middlewares/ST/STM32_USB_Device_Library/Core/Src/usbd_ctlreq.o
 .debug_frame   0x00000dcc       0xb8 Middlewares/ST/STM32_USB_Device_Library/Core/Src/usbd_ioreq.o
 .debug_frame   0x00000e84      0x1a0 Src/cecbridge.o
 .debug_frame   0x00001024       0x60 Src/stm32f0xx_hal_msp.o
 .debug_frame   0x00001084       0x28 Src/usb_device.o
 .debug_frame   0x000010ac       0x7c Src/usbd_cdc_if.o
 .debug_frame   0x00001128      0x2e4 Src/usbd_conf.o
 .debug_frame   0x0000140c       0xa8 Src/usbd_desc.o
 .debug_frame   0x000014b4       0x20 /home/gda/Ac6/SystemWorkbench/plugins/fr.ac6.mcu.externaltools.arm-none.linux64_1.7.0.201602291252/tools/compiler/bin/../lib/gcc/arm-none-eabi/5.2.1/armv6-m/libgcc.a(_udivsi3.o)
 .debug_frame   0x000014d4       0x20 /home/gda/Ac6/SystemWorkbench/plugins/fr.ac6.mcu.externaltools.arm-none.linux64_1.7.0.201602291252/tools/compiler/bin/../lib/gcc/arm-none-eabi/5.2.1/armv6-m/libgcc.a(_divsi3.o)
 .debug_frame   0x000014f4       0x58 /home/gda/Ac6/SystemWorkbench/plugins/fr.ac6.mcu.externaltools.arm-none.linux64_1.7.0.201602291252/tools/compiler/bin/../lib/gcc/arm-none-eabi/5.2.1/../../../../arm-none-eabi/lib/armv6-m/libc_nano.a(lib_a-asprintf.o)
 .debug_frame   0x0000154c       0x28 /home/gda/Ac6/SystemWorkbench/plugins/fr.ac6.mcu.externaltools.arm-none.linux64_1.7.0.201602291252/tools/compiler/bin/../lib/gcc/arm-none-eabi/5.2.1/../../../../arm-none-eabi/lib/armv6-m/libc_nano.a(lib_a-calloc.o)
 .debug_frame   0x00001574       0x2c /home/gda/Ac6/SystemWorkbench/plugins/fr.ac6.mcu.externaltools.arm-none.linux64_1.7.0.201602291252/tools/compiler/bin/../lib/gcc/arm-none-eabi/5.2.1/../../../../arm-none-eabi/lib/armv6-m/libc_nano.a(lib_a-init.o)
 .debug_frame   0x000015a0       0x40 /home/gda/Ac6/SystemWorkbench/plugins/fr.ac6.mcu.externaltools.arm-none.linux64_1.7.0.201602291252/tools/compiler/bin/../lib/gcc/arm-none-eabi/5.2.1/../../../../arm-none-eabi/lib/armv6-m/libc_nano.a(lib_a-malloc.o)
 .debug_frame   0x000015e0       0x28 /home/gda/Ac6/SystemWorkbench/plugins/fr.ac6.mcu.externaltools.arm-none.linux64_1.7.0.201602291252/tools/compiler/bin/../lib/gcc/arm-none-eabi/5.2.1/../../../../arm-none-eabi/lib/armv6-m/libc_nano.a(lib_a-memcpy-stub.o)
 .debug_frame   0x00001608       0x20 /home/gda/Ac6/SystemWorkbench/plugins/fr.ac6.mcu.externaltools.arm-none.linux64_1.7.0.201602291252/tools/compiler/bin/../lib/gcc/arm-none-eabi/5.2.1/../../../../arm-none-eabi/lib/armv6-m/libc_nano.a(lib_a-memset.o)
 .debug_frame   0x00001628       0x2c /home/gda/Ac6/SystemWorkbench/plugins/fr.ac6.mcu.externaltools.arm-none.linux64_1.7.0.201602291252/tools/compiler/bin/../lib/gcc/arm-none-eabi/5.2.1/../../../../arm-none-eabi/lib/armv6-m/libc_nano.a(lib_a-nano-callocr.o)
 .debug_frame   0x00001654       0x2c /home/gda/Ac6/SystemWorkbench/plugins/fr.ac6.mcu.externaltools.arm-none.linux64_1.7.0.201602291252/tools/compiler/bin/../lib/gcc/arm-none-eabi/5.2.1/../../../../arm-none-eabi/lib/armv6-m/libc_nano.a(lib_a-nano-freer.o)
 .debug_frame   0x00001680       0x2c /home/gda/Ac6/SystemWorkbench/plugins/fr.ac6.mcu.externaltools.arm-none.linux64_1.7.0.201602291252/tools/compiler/bin/../lib/gcc/arm-none-eabi/5.2.1/../../../../arm-none-eabi/lib/armv6-m/libc_nano.a(lib_a-nano-mallocr.o)
 .debug_frame   0x000016ac       0x74 /home/gda/Ac6/SystemWorkbench/plugins/fr.ac6.mcu.externaltools.arm-none.linux64_1.7.0.201602291252/tools/compiler/bin/../lib/gcc/arm-none-eabi/5.2.1/../../../../arm-none-eabi/lib/armv6-m/libc_nano.a(lib_a-nano-svfprintf.o)
 .debug_frame   0x00001720       0x54 /home/gda/Ac6/SystemWorkbench/plugins/fr.ac6.mcu.externaltools.arm-none.linux64_1.7.0.201602291252/tools/compiler/bin/../lib/gcc/arm-none-eabi/5.2.1/../../../../arm-none-eabi/lib/armv6-m/libc_nano.a(lib_a-nano-vfprintf_i.o)
 .debug_frame   0x00001774       0x2c /home/gda/Ac6/SystemWorkbench/plugins/fr.ac6.mcu.externaltools.arm-none.linux64_1.7.0.201602291252/tools/compiler/bin/../lib/gcc/arm-none-eabi/5.2.1/../../../../arm-none-eabi/lib/armv6-m/libc_nano.a(lib_a-sbrkr.o)
 .debug_frame   0x000017a0       0x50 /home/gda/Ac6/SystemWorkbench/plugins/fr.ac6.mcu.externaltools.arm-none.linux64_1.7.0.201602291252/tools/compiler/bin/../lib/gcc/arm-none-eabi/5.2.1/../../../../arm-none-eabi/lib/armv6-m/libc_nano.a(lib_a-sprintf.o)
 .debug_frame   0x000017f0       0x20 /home/gda/Ac6/SystemWorkbench/plugins/fr.ac6.mcu.externaltools.arm-none.linux64_1.7.0.201602291252/tools/compiler/bin/../lib/gcc/arm-none-eabi/5.2.1/../../../../arm-none-eabi/lib/armv6-m/libc_nano.a(lib_a-strchr.o)
 .debug_frame   0x00001810       0x20 /home/gda/Ac6/SystemWorkbench/plugins/fr.ac6.mcu.externaltools.arm-none.linux64_1.7.0.201602291252/tools/compiler/bin/../lib/gcc/arm-none-eabi/5.2.1/../../../../arm-none-eabi/lib/armv6-m/libc_nano.a(lib_a-memchr-stub.o)
 .debug_frame   0x00001830       0x28 /home/gda/Ac6/SystemWorkbench/plugins/fr.ac6.mcu.externaltools.arm-none.linux64_1.7.0.201602291252/tools/compiler/bin/../lib/gcc/arm-none-eabi/5.2.1/../../../../arm-none-eabi/lib/armv6-m/libc_nano.a(lib_a-memmove.o)
 .debug_frame   0x00001858       0x30 /home/gda/Ac6/SystemWorkbench/plugins/fr.ac6.mcu.externaltools.arm-none.linux64_1.7.0.201602291252/tools/compiler/bin/../lib/gcc/arm-none-eabi/5.2.1/../../../../arm-none-eabi/lib/armv6-m/libc_nano.a(lib_a-nano-reallocr.o)
 .debug_frame   0x00001888       0x48 /home/gda/Ac6/SystemWorkbench/plugins/fr.ac6.mcu.externaltools.arm-none.linux64_1.7.0.201602291252/tools/compiler/bin/../lib/gcc/arm-none-eabi/5.2.1/../../../../arm-none-eabi/lib/armv6-m/libc_nano.a(lib_a-reent.o)
 .debug_frame   0x000018d0       0x20 /home/gda/Ac6/SystemWorkbench/plugins/fr.ac6.mcu.externaltools.arm-none.linux64_1.7.0.201602291252/tools/compiler/bin/../lib/gcc/arm-none-eabi/5.2.1/../../../../arm-none-eabi/lib/armv6-m/libc_nano.a(lib_a-nano-msizer.o)
 .debug_frame   0x000018f0       0x20 /home/gda/Ac6/SystemWorkbench/plugins/fr.ac6.mcu.externaltools.arm-none.linux64_1.7.0.201602291252/tools/compiler/bin/../lib/gcc/arm-none-eabi/5.2.1/../../../../arm-none-eabi/lib/armv6-m/libnosys.a(sbrk.o)
